{
    "Bismark: skip_trimming": {
        "content": [
            39,
            {
                "BISMARK_ALIGN": {
                    "bismark": "0.24.0"
                },
                "BISMARK_GENOMEPREPARATION": {
                    "bismark": "0.24.0"
                },
                "FASTQC": {
                    "fastqc": "0.12.1"
                },
                "QUALIMAP_BAMQC": {
                    "qualimap": 2.3
                },
                "Workflow": {
                    "nf-core/methylseq": "v2.7.0"
                }
            },
            [
                "bismark",
                "alignments",
                "logs",
                "Ecoli_10K_methylated_R1_bismark_bt2_PE_report.txt",
                "SRR389222_sub1_bismark_bt2_SE_report.txt",
                "SRR389222_sub2_bismark_bt2_SE_report.txt",
                "SRR389222_sub3_bismark_bt2_SE_report.txt",
                "deduplicated",
                "Ecoli_10K_methylated.deduplicated.sorted.bam",
                "Ecoli_10K_methylated.deduplicated.sorted.bam.bai",
                "SRR389222_sub1.deduplicated.sorted.bam",
                "SRR389222_sub1.deduplicated.sorted.bam.bai",
                "SRR389222_sub2.deduplicated.sorted.bam",
                "SRR389222_sub2.deduplicated.sorted.bam.bai",
                "SRR389222_sub3.deduplicated.sorted.bam",
                "SRR389222_sub3.deduplicated.sorted.bam.bai",
                "logs",
                "Ecoli_10K_methylated_R1_bismark_bt2_pe.deduplication_report.txt",
                "SRR389222_sub1_bismark_bt2.deduplication_report.txt",
                "SRR389222_sub2_bismark_bt2.deduplication_report.txt",
                "SRR389222_sub3_bismark_bt2.deduplication_report.txt",
                "methylation_calls",
                "bedGraph",
                "Ecoli_10K_methylated_R1_bismark_bt2_pe.deduplicated.bedGraph.gz",
                "SRR389222_sub1_bismark_bt2.deduplicated.bedGraph.gz",
                "SRR389222_sub2_bismark_bt2.deduplicated.bedGraph.gz",
                "SRR389222_sub3_bismark_bt2.deduplicated.bedGraph.gz",
                "mbias",
                "Ecoli_10K_methylated_R1_bismark_bt2_pe.deduplicated.M-bias.txt",
                "SRR389222_sub1_bismark_bt2.deduplicated.M-bias.txt",
                "SRR389222_sub2_bismark_bt2.deduplicated.M-bias.txt",
                "SRR389222_sub3_bismark_bt2.deduplicated.M-bias.txt",
                "methylation_calls",
                "CHG_OB_Ecoli_10K_methylated_R1_bismark_bt2_pe.deduplicated.txt.gz",
                "CHG_OB_SRR389222_sub1_bismark_bt2.deduplicated.txt.gz",
                "CHG_OB_SRR389222_sub2_bismark_bt2.deduplicated.txt.gz",
                "CHG_OB_SRR389222_sub3_bismark_bt2.deduplicated.txt.gz",
                "CHG_OT_Ecoli_10K_methylated_R1_bismark_bt2_pe.deduplicated.txt.gz",
                "CHG_OT_SRR389222_sub1_bismark_bt2.deduplicated.txt.gz",
                "CHG_OT_SRR389222_sub2_bismark_bt2.deduplicated.txt.gz",
                "CHG_OT_SRR389222_sub3_bismark_bt2.deduplicated.txt.gz",
                "CHH_OB_Ecoli_10K_methylated_R1_bismark_bt2_pe.deduplicated.txt.gz",
                "CHH_OB_SRR389222_sub1_bismark_bt2.deduplicated.txt.gz",
                "CHH_OB_SRR389222_sub2_bismark_bt2.deduplicated.txt.gz",
                "CHH_OB_SRR389222_sub3_bismark_bt2.deduplicated.txt.gz",
                "CHH_OT_Ecoli_10K_methylated_R1_bismark_bt2_pe.deduplicated.txt.gz",
                "CHH_OT_SRR389222_sub1_bismark_bt2.deduplicated.txt.gz",
                "CHH_OT_SRR389222_sub2_bismark_bt2.deduplicated.txt.gz",
                "CHH_OT_SRR389222_sub3_bismark_bt2.deduplicated.txt.gz",
                "CpG_OB_Ecoli_10K_methylated_R1_bismark_bt2_pe.deduplicated.txt.gz",
                "CpG_OB_SRR389222_sub1_bismark_bt2.deduplicated.txt.gz",
                "CpG_OB_SRR389222_sub2_bismark_bt2.deduplicated.txt.gz",
                "CpG_OB_SRR389222_sub3_bismark_bt2.deduplicated.txt.gz",
                "CpG_OT_Ecoli_10K_methylated_R1_bismark_bt2_pe.deduplicated.txt.gz",
                "CpG_OT_SRR389222_sub1_bismark_bt2.deduplicated.txt.gz",
                "CpG_OT_SRR389222_sub2_bismark_bt2.deduplicated.txt.gz",
                "CpG_OT_SRR389222_sub3_bismark_bt2.deduplicated.txt.gz",
                "methylation_coverage",
                "Ecoli_10K_methylated_R1_bismark_bt2_pe.deduplicated.bismark.cov.gz",
                "SRR389222_sub1_bismark_bt2.deduplicated.bismark.cov.gz",
                "SRR389222_sub2_bismark_bt2.deduplicated.bismark.cov.gz",
                "SRR389222_sub3_bismark_bt2.deduplicated.bismark.cov.gz",
                "splitting_report",
                "Ecoli_10K_methylated_R1_bismark_bt2_pe.deduplicated_splitting_report.txt",
                "SRR389222_sub1_bismark_bt2.deduplicated_splitting_report.txt",
                "SRR389222_sub2_bismark_bt2.deduplicated_splitting_report.txt",
                "SRR389222_sub3_bismark_bt2.deduplicated_splitting_report.txt",
                "reports",
                "Ecoli_10K_methylated_R1_bismark_bt2_PE_report.html",
                "SRR389222_sub1_bismark_bt2_SE_report.html",
                "SRR389222_sub2_bismark_bt2_SE_report.html",
                "SRR389222_sub3_bismark_bt2_SE_report.html",
                "summary",
                "bismark_summary_report.html",
                "bismark_summary_report.txt",
                "fastqc",
                "Ecoli_10K_methylated_1_fastqc.html",
                "Ecoli_10K_methylated_2_fastqc.html",
                "SRR389222_sub1_fastqc.html",
                "SRR389222_sub2_fastqc.html",
                "SRR389222_sub3_fastqc.html",
                "zips",
                "Ecoli_10K_methylated_1_fastqc.zip",
                "Ecoli_10K_methylated_2_fastqc.zip",
                "SRR389222_sub1_fastqc.zip",
                "SRR389222_sub2_fastqc.zip",
                "SRR389222_sub3_fastqc.zip",
                "multiqc",
                "bismark",
                "multiqc_data",
                "bismark-methylation-dp.txt",
                "bismark_alignment.txt",
                "bismark_deduplication.txt",
                "bismark_mbias_CHG_R1.txt",
                "bismark_mbias_CHG_R2.txt",
                "bismark_mbias_CHH_R1.txt",
                "bismark_mbias_CHH_R2.txt",
                "bismark_mbias_CpG_R1.txt",
                "bismark_mbias_CpG_R2.txt",
                "bismark_strand_alignment.txt",
                "fastqc-status-check-heatmap.txt",
                "fastqc_adapter_content_plot.txt",
                "fastqc_overrepresented_sequences_plot.txt",
                "fastqc_per_base_n_content_plot.txt",
                "fastqc_per_base_sequence_quality_plot.txt",
                "fastqc_per_sequence_gc_content_plot_Counts.txt",
                "fastqc_per_sequence_gc_content_plot_Percentages.txt",
                "fastqc_per_sequence_quality_scores_plot.txt",
                "fastqc_sequence_counts_plot.txt",
                "fastqc_sequence_duplication_levels_plot.txt",
                "fastqc_top_overrepresented_sequences_table.txt",
                "multiqc.log",
                "multiqc_bismark_alignment.txt",
                "multiqc_bismark_dedup.txt",
                "multiqc_bismark_methextract.txt",
                "multiqc_citations.txt",
                "multiqc_data.json",
                "multiqc_fastqc.txt",
                "multiqc_general_stats.txt",
                "multiqc_qualimap_bamqc_genome_results.txt",
                "multiqc_software_versions.txt",
                "multiqc_sources.txt",
                "qualimap_coverage_histogram.txt",
                "qualimap_gc_content.txt",
                "qualimap_genome_fraction.txt",
                "qualimap_insert_size.txt",
                "multiqc_plots",
                "pdf",
                "bismark-methylation-dp.pdf",
                "bismark_alignment-cnt.pdf",
                "bismark_alignment-pct.pdf",
                "bismark_deduplication-cnt.pdf",
                "bismark_deduplication-pct.pdf",
                "bismark_mbias_CHG_R1.pdf",
                "bismark_mbias_CHG_R2.pdf",
                "bismark_mbias_CHH_R1.pdf",
                "bismark_mbias_CHH_R2.pdf",
                "bismark_mbias_CpG_R1.pdf",
                "bismark_mbias_CpG_R2.pdf",
                "bismark_strand_alignment-cnt.pdf",
                "bismark_strand_alignment-pct.pdf",
                "fastqc-status-check-heatmap.pdf",
                "fastqc_adapter_content_plot.pdf",
                "fastqc_overrepresented_sequences_plot.pdf",
                "fastqc_per_base_n_content_plot.pdf",
                "fastqc_per_base_sequence_quality_plot.pdf",
                "fastqc_per_sequence_gc_content_plot_Counts.pdf",
                "fastqc_per_sequence_gc_content_plot_Percentages.pdf",
                "fastqc_per_sequence_quality_scores_plot.pdf",
                "fastqc_sequence_counts_plot-cnt.pdf",
                "fastqc_sequence_counts_plot-pct.pdf",
                "fastqc_sequence_duplication_levels_plot.pdf",
                "fastqc_top_overrepresented_sequences_table.pdf",
                "general_stats_table.pdf",
                "qualimap_coverage_histogram.pdf",
                "qualimap_gc_content.pdf",
                "qualimap_genome_fraction.pdf",
                "qualimap_insert_size.pdf",
                "png",
                "bismark-methylation-dp.png",
                "bismark_alignment-cnt.png",
                "bismark_alignment-pct.png",
                "bismark_deduplication-cnt.png",
                "bismark_deduplication-pct.png",
                "bismark_mbias_CHG_R1.png",
                "bismark_mbias_CHG_R2.png",
                "bismark_mbias_CHH_R1.png",
                "bismark_mbias_CHH_R2.png",
                "bismark_mbias_CpG_R1.png",
                "bismark_mbias_CpG_R2.png",
                "bismark_strand_alignment-cnt.png",
                "bismark_strand_alignment-pct.png",
                "fastqc-status-check-heatmap.png",
                "fastqc_adapter_content_plot.png",
                "fastqc_overrepresented_sequences_plot.png",
                "fastqc_per_base_n_content_plot.png",
                "fastqc_per_base_sequence_quality_plot.png",
                "fastqc_per_sequence_gc_content_plot_Counts.png",
                "fastqc_per_sequence_gc_content_plot_Percentages.png",
                "fastqc_per_sequence_quality_scores_plot.png",
                "fastqc_sequence_counts_plot-cnt.png",
                "fastqc_sequence_counts_plot-pct.png",
                "fastqc_sequence_duplication_levels_plot.png",
                "fastqc_top_overrepresented_sequences_table.png",
                "general_stats_table.png",
                "qualimap_coverage_histogram.png",
                "qualimap_gc_content.png",
                "qualimap_genome_fraction.png",
                "qualimap_insert_size.png",
                "svg",
                "bismark-methylation-dp.svg",
                "bismark_alignment-cnt.svg",
                "bismark_alignment-pct.svg",
                "bismark_deduplication-cnt.svg",
                "bismark_deduplication-pct.svg",
                "bismark_mbias_CHG_R1.svg",
                "bismark_mbias_CHG_R2.svg",
                "bismark_mbias_CHH_R1.svg",
                "bismark_mbias_CHH_R2.svg",
                "bismark_mbias_CpG_R1.svg",
                "bismark_mbias_CpG_R2.svg",
                "bismark_strand_alignment-cnt.svg",
                "bismark_strand_alignment-pct.svg",
                "fastqc-status-check-heatmap.svg",
                "fastqc_adapter_content_plot.svg",
                "fastqc_overrepresented_sequences_plot.svg",
                "fastqc_per_base_n_content_plot.svg",
                "fastqc_per_base_sequence_quality_plot.svg",
                "fastqc_per_sequence_gc_content_plot_Counts.svg",
                "fastqc_per_sequence_gc_content_plot_Percentages.svg",
                "fastqc_per_sequence_quality_scores_plot.svg",
                "fastqc_sequence_counts_plot-cnt.svg",
                "fastqc_sequence_counts_plot-pct.svg",
                "fastqc_sequence_duplication_levels_plot.svg",
                "fastqc_top_overrepresented_sequences_table.svg",
                "general_stats_table.svg",
                "qualimap_coverage_histogram.svg",
                "qualimap_gc_content.svg",
                "qualimap_genome_fraction.svg",
                "qualimap_insert_size.svg",
                "multiqc_report.html",
                "pipeline_info",
                "nf_core_pipeline_software_mqc_versions.yml",
                "qualimap",
                "Ecoli_10K_methylated",
                "css",
                "agogo.css",
                "ajax-loader.gif",
                "basic.css",
                "bgfooter.png",
                "bgtop.png",
                "comment-bright.png",
                "comment-close.png",
                "comment.png",
                "doctools.js",
                "down-pressed.png",
                "down.png",
                "file.png",
                "jquery.js",
                "minus.png",
                "plus.png",
                "pygments.css",
                "qualimap_logo_small.png",
                "report.css",
                "searchtools.js",
                "underscore.js",
                "up-pressed.png",
                "up.png",
                "websupport.js",
                "genome_results.txt",
                "images_qualimapReport",
                "genome_coverage_0to50_histogram.png",
                "genome_coverage_across_reference.png",
                "genome_coverage_histogram.png",
                "genome_coverage_quotes.png",
                "genome_gc_content_per_window.png",
                "genome_homopolymer_indels.png",
                "genome_insert_size_across_reference.png",
                "genome_insert_size_histogram.png",
                "genome_mapping_quality_across_reference.png",
                "genome_mapping_quality_histogram.png",
                "genome_reads_content_per_read_position.png",
                "genome_uniq_read_starts_histogram.png",
                "qualimapReport.html",
                "raw_data_qualimapReport",
                "coverage_across_reference.txt",
                "coverage_histogram.txt",
                "duplication_rate_histogram.txt",
                "genome_fraction_coverage.txt",
                "homopolymer_indels.txt",
                "insert_size_across_reference.txt",
                "insert_size_histogram.txt",
                "mapped_reads_gc-content_distribution.txt",
                "mapped_reads_nucleotide_content.txt",
                "mapping_quality_across_reference.txt",
                "mapping_quality_histogram.txt",
                "SRR389222_sub1",
                "css",
                "agogo.css",
                "ajax-loader.gif",
                "basic.css",
                "bgfooter.png",
                "bgtop.png",
                "comment-bright.png",
                "comment-close.png",
                "comment.png",
                "doctools.js",
                "down-pressed.png",
                "down.png",
                "file.png",
                "jquery.js",
                "minus.png",
                "plus.png",
                "pygments.css",
                "qualimap_logo_small.png",
                "report.css",
                "searchtools.js",
                "underscore.js",
                "up-pressed.png",
                "up.png",
                "websupport.js",
                "genome_results.txt",
                "images_qualimapReport",
                "genome_coverage_0to50_histogram.png",
                "genome_coverage_across_reference.png",
                "genome_coverage_histogram.png",
                "genome_coverage_quotes.png",
                "genome_gc_content_per_window.png",
                "genome_mapping_quality_across_reference.png",
                "genome_mapping_quality_histogram.png",
                "genome_reads_content_per_read_position.png",
                "genome_uniq_read_starts_histogram.png",
                "qualimapReport.html",
                "raw_data_qualimapReport",
                "coverage_across_reference.txt",
                "coverage_histogram.txt",
                "duplication_rate_histogram.txt",
                "genome_fraction_coverage.txt",
                "mapped_reads_gc-content_distribution.txt",
                "mapped_reads_nucleotide_content.txt",
                "mapping_quality_across_reference.txt",
                "mapping_quality_histogram.txt",
                "SRR389222_sub2",
                "css",
                "agogo.css",
                "ajax-loader.gif",
                "basic.css",
                "bgfooter.png",
                "bgtop.png",
                "comment-bright.png",
                "comment-close.png",
                "comment.png",
                "doctools.js",
                "down-pressed.png",
                "down.png",
                "file.png",
                "jquery.js",
                "minus.png",
                "plus.png",
                "pygments.css",
                "qualimap_logo_small.png",
                "report.css",
                "searchtools.js",
                "underscore.js",
                "up-pressed.png",
                "up.png",
                "websupport.js",
                "genome_results.txt",
                "images_qualimapReport",
                "genome_coverage_0to50_histogram.png",
                "genome_coverage_across_reference.png",
                "genome_coverage_histogram.png",
                "genome_coverage_quotes.png",
                "genome_gc_content_per_window.png",
                "genome_mapping_quality_across_reference.png",
                "genome_mapping_quality_histogram.png",
                "genome_reads_content_per_read_position.png",
                "genome_uniq_read_starts_histogram.png",
                "qualimapReport.html",
                "raw_data_qualimapReport",
                "coverage_across_reference.txt",
                "coverage_histogram.txt",
                "duplication_rate_histogram.txt",
                "genome_fraction_coverage.txt",
                "mapped_reads_gc-content_distribution.txt",
                "mapped_reads_nucleotide_content.txt",
                "mapping_quality_across_reference.txt",
                "mapping_quality_histogram.txt",
                "SRR389222_sub3",
                "css",
                "agogo.css",
                "ajax-loader.gif",
                "basic.css",
                "bgfooter.png",
                "bgtop.png",
                "comment-bright.png",
                "comment-close.png",
                "comment.png",
                "doctools.js",
                "down-pressed.png",
                "down.png",
                "file.png",
                "jquery.js",
                "minus.png",
                "plus.png",
                "pygments.css",
                "qualimap_logo_small.png",
                "report.css",
                "searchtools.js",
                "underscore.js",
                "up-pressed.png",
                "up.png",
                "websupport.js",
                "genome_results.txt",
                "images_qualimapReport",
                "genome_coverage_0to50_histogram.png",
                "genome_coverage_across_reference.png",
                "genome_coverage_histogram.png",
                "genome_coverage_quotes.png",
                "genome_gc_content_per_window.png",
                "genome_mapping_quality_across_reference.png",
                "genome_mapping_quality_histogram.png",
                "genome_reads_content_per_read_position.png",
                "genome_uniq_read_starts_histogram.png",
                "qualimapReport.html",
                "raw_data_qualimapReport",
                "coverage_across_reference.txt",
                "coverage_histogram.txt",
                "duplication_rate_histogram.txt",
                "genome_fraction_coverage.txt",
                "mapped_reads_gc-content_distribution.txt",
                "mapped_reads_nucleotide_content.txt",
                "mapping_quality_across_reference.txt",
                "mapping_quality_histogram.txt"
            ],
            [
                "Ecoli_10K_methylated.deduplicated.sorted.bam:md5,5781fe750e8a9a789f58e21587b9978e",
                "Ecoli_10K_methylated.deduplicated.sorted.bam.bai:md5,d2248755d48f99b4d6d0b5ad9f49b75f",
                "SRR389222_sub1.deduplicated.sorted.bam:md5,82cedc7805b1cbe18717f991ab407711",
                "SRR389222_sub1.deduplicated.sorted.bam.bai:md5,04e6f178e1c28dc5c1432f5b6d3f34b2",
                "SRR389222_sub2.deduplicated.sorted.bam:md5,6586a36f060ddf22bb112cc2cd546218",
                "SRR389222_sub2.deduplicated.sorted.bam.bai:md5,94102da2ca835e7ca87e79242992e458",
                "SRR389222_sub3.deduplicated.sorted.bam:md5,6b18eb0f68b877204086f10a5bec2b7b",
                "SRR389222_sub3.deduplicated.sorted.bam.bai:md5,a0027c6a82d55f93f3dac0de7c3c4df4",
                "Ecoli_10K_methylated_R1_bismark_bt2_pe.deduplicated.bedGraph.gz:md5,58c9ba98d0638c26a30233b006a81172",
                "SRR389222_sub1_bismark_bt2.deduplicated.bedGraph.gz:md5,5d7312489e51ca88e1ce1f689db93a64",
                "SRR389222_sub2_bismark_bt2.deduplicated.bedGraph.gz:md5,010f32001bbc7805f8e041f3ef0d9ea9",
                "SRR389222_sub3_bismark_bt2.deduplicated.bedGraph.gz:md5,8c395581af7053652bc1dc96ec9475ae",
                "Ecoli_10K_methylated_R1_bismark_bt2_pe.deduplicated.M-bias.txt:md5,29f3b882a51b63ce77d3d9c69b0e5f85",
                "SRR389222_sub1_bismark_bt2.deduplicated.M-bias.txt:md5,290ebfeca4da7809cf9adfe60bab1b29",
                "SRR389222_sub2_bismark_bt2.deduplicated.M-bias.txt:md5,e688f6a5f6086ecfeffb6ccd49b2b339",
                "SRR389222_sub3_bismark_bt2.deduplicated.M-bias.txt:md5,320b79a59a67d76e28ed73f51b65d8e7",
                "CHG_OB_Ecoli_10K_methylated_R1_bismark_bt2_pe.deduplicated.txt.gz:md5,9c2248d95d96d6c315c65f1b8dc3bc39",
                "CHG_OB_SRR389222_sub1_bismark_bt2.deduplicated.txt.gz:md5,a10f4263bf7b9b1985b16ff3c1041240",
                "CHG_OB_SRR389222_sub2_bismark_bt2.deduplicated.txt.gz:md5,d01cd53979a78c958c194c509e233fe9",
                "CHG_OB_SRR389222_sub3_bismark_bt2.deduplicated.txt.gz:md5,06e38fdf5846663bc46b2c47d057a117",
                "CHG_OT_Ecoli_10K_methylated_R1_bismark_bt2_pe.deduplicated.txt.gz:md5,5e5aefaa3f63e73f30342ad843eb210b",
                "CHG_OT_SRR389222_sub1_bismark_bt2.deduplicated.txt.gz:md5,1964dcd222e31e1f155e40474977ec21",
                "CHG_OT_SRR389222_sub2_bismark_bt2.deduplicated.txt.gz:md5,d7c2c7610beca63bf372f1163fe88d38",
                "CHG_OT_SRR389222_sub3_bismark_bt2.deduplicated.txt.gz:md5,ddc64c297182c7fab78ca44fd6d4d0e7",
                "CHH_OB_Ecoli_10K_methylated_R1_bismark_bt2_pe.deduplicated.txt.gz:md5,65f2afc6b1c76209af1acd1d4277a1cc",
                "CHH_OB_SRR389222_sub1_bismark_bt2.deduplicated.txt.gz:md5,172b329b6aabf8d07c8255a152d4105a",
                "CHH_OB_SRR389222_sub2_bismark_bt2.deduplicated.txt.gz:md5,91d065f934f1a86889b02754fc9f40fb",
                "CHH_OB_SRR389222_sub3_bismark_bt2.deduplicated.txt.gz:md5,9909b6c627e4b520d623ece853806233",
                "CHH_OT_Ecoli_10K_methylated_R1_bismark_bt2_pe.deduplicated.txt.gz:md5,978ad87fef01e39283a620253320ee45",
                "CHH_OT_SRR389222_sub1_bismark_bt2.deduplicated.txt.gz:md5,be09b581ed94f77d4340fbc36f14da2b",
                "CHH_OT_SRR389222_sub2_bismark_bt2.deduplicated.txt.gz:md5,a6cfd9619b9a6824b7ff974a32073a0d",
                "CHH_OT_SRR389222_sub3_bismark_bt2.deduplicated.txt.gz:md5,32e221e77aa47226f065e505795a5347",
                "CpG_OB_Ecoli_10K_methylated_R1_bismark_bt2_pe.deduplicated.txt.gz:md5,54def6bf13e27f38adbbd3dd06297596",
                "CpG_OB_SRR389222_sub1_bismark_bt2.deduplicated.txt.gz:md5,d581258ecd66c080c70caeea30e31ca2",
                "CpG_OB_SRR389222_sub2_bismark_bt2.deduplicated.txt.gz:md5,836ce1f58e4d78dad360aed72206a898",
                "CpG_OB_SRR389222_sub3_bismark_bt2.deduplicated.txt.gz:md5,0892e2fc97607fd2456343ff6b11fa4b",
                "CpG_OT_Ecoli_10K_methylated_R1_bismark_bt2_pe.deduplicated.txt.gz:md5,9712eef973883f44dcc0a307af28ba70",
                "CpG_OT_SRR389222_sub1_bismark_bt2.deduplicated.txt.gz:md5,8d3ed1feb3e6cd2b85ad39d69e7a43ac",
                "CpG_OT_SRR389222_sub2_bismark_bt2.deduplicated.txt.gz:md5,e80e4521e9070ae4697f1050c8688768",
                "CpG_OT_SRR389222_sub3_bismark_bt2.deduplicated.txt.gz:md5,40c68ecf9954db5714ca0fc5feabfcfe",
                "Ecoli_10K_methylated_R1_bismark_bt2_pe.deduplicated.bismark.cov.gz:md5,8e6ba6fe66416d73e7f94b4da9ca77b1",
                "SRR389222_sub1_bismark_bt2.deduplicated.bismark.cov.gz:md5,eb0d3f96ed97c5d12afeeb49c234849d",
                "SRR389222_sub2_bismark_bt2.deduplicated.bismark.cov.gz:md5,137f649c439471d3ff0831874489f124",
                "SRR389222_sub3_bismark_bt2.deduplicated.bismark.cov.gz:md5,0fcbddf582509f280400572343435abd",
                "bismark-methylation-dp.txt:md5,475ce6b3c6f53158847d554ef22993db",
                "bismark_alignment.txt:md5,7d00ed2e752ebf0ee7baedc206c6572b",
                "bismark_deduplication.txt:md5,e319d929f7d2e163bafba0a48dda554e",
                "bismark_mbias_CHG_R1.txt:md5,56716bd5e0f29c8dca3963d2e8111bb8",
                "bismark_mbias_CHG_R2.txt:md5,5ad75a070d97528e6285b9501c5bba78",
                "bismark_mbias_CHH_R1.txt:md5,9e10b7c831ea33d4a726250fa02a610b",
                "bismark_mbias_CHH_R2.txt:md5,8b9b1fad299392ce2014201d1f6a49a1",
                "bismark_mbias_CpG_R1.txt:md5,541deb88c74b1700c53b6c4232a39a88",
                "bismark_mbias_CpG_R2.txt:md5,6305c6b3a6aa994e620d97af0d7bdf4c",
                "bismark_strand_alignment.txt:md5,c298d65a4fb50d87ad7f419d0211e7a3",
                "fastqc-status-check-heatmap.txt:md5,218c2a7efbb9c02f652fa78fc739c866",
                "fastqc_adapter_content_plot.txt:md5,48d8bd5ece984a74972ce0a0e814dd07",
                "fastqc_overrepresented_sequences_plot.txt:md5,9c4b7064950b5b2c486d556984f21e9e",
                "fastqc_per_base_n_content_plot.txt:md5,019d5cd4f61a31f4e7016140ca8ee36e",
                "fastqc_per_base_sequence_quality_plot.txt:md5,e4c7d522114eab9bc9101e7ee9d83c8f",
                "fastqc_per_sequence_gc_content_plot_Counts.txt:md5,302659bee8a02b6a38b24fe25f8eaa87",
                "fastqc_per_sequence_gc_content_plot_Percentages.txt:md5,c75b396eb5dda8682fb1652a9b2e92a3",
                "fastqc_per_sequence_quality_scores_plot.txt:md5,548c593f4a8be2d8627fc3bd1c280611",
                "fastqc_sequence_counts_plot.txt:md5,58eeeb06bc9dcc1764c7daf0847d6bbf",
                "fastqc_sequence_duplication_levels_plot.txt:md5,9e5712db9aa39b5754ea1e0c49cfff15",
                "multiqc_bismark_alignment.txt:md5,64dd9b7caa0ee70b3b14dc1c015c7543",
                "multiqc_bismark_dedup.txt:md5,363c336840edee5ba1d2f40ce85aa2b6",
                "multiqc_bismark_methextract.txt:md5,db04c7fdbd98bf57769baf5b1b3f9742",
                "multiqc_citations.txt:md5,3a8f645306d124626931e2eb6ade3dfc",
                "multiqc_software_versions.txt:md5,5c1a740f026a545d20ff5b3e21260cfd",
                "qualimap_coverage_histogram.txt:md5,937adee56f45d795a2dc79d4eeb6704d",
                "qualimap_gc_content.txt:md5,d1c2209fd60ab1ef987dcdcbf11ace26",
                "qualimap_genome_fraction.txt:md5,e9d696b5fb6e7a660e69b378039907a5",
                "qualimap_insert_size.txt:md5,8327f805cbaf1c61ca3128b6c16c7dfd",
                "bgfooter.png:md5,ed01bb040346e4623cc87de331ddb4e1",
                "bgtop.png:md5,626a50532dc6e5adbdd968746ef318e8",
                "comment-bright.png:md5,0c850bb4920b581bf5e5dba5fa493a64",
                "comment-close.png:md5,2635dda49c823e8122d4d11ed385f33d",
                "comment.png:md5,882e40f3d6a16c6ed35659b105251525",
                "down-pressed.png:md5,ebe8979581eda700fb234a73c661a4b9",
                "down.png:md5,f6f3c819cc7ca27d7fd3347e5e7ffe0f",
                "file.png:md5,6587e59c55e626744eb6fc11129d99a7",
                "minus.png:md5,8d572395aa95c89584a09813ada4dfa1",
                "plus.png:md5,0125e6faa04e2cf0141a2d599d3bb220",
                "qualimap_logo_small.png:md5,7526f145a97be4682fd59e27dda4f71b",
                "up-pressed.png:md5,8ea9bd109342f87fee97943b479c6f7e",
                "up.png:md5,ecc373278454cc8ecc12d6ca69e55b36",
                "genome_results.txt:md5,024419d0c463732287b0edf27647e21a",
                "genome_coverage_0to50_histogram.png:md5,f337e5205a6eca1b4e1b699cdec2ca9e",
                "genome_coverage_across_reference.png:md5,7d7f21fc778aa7e6a9e1308905c69c31",
                "genome_coverage_histogram.png:md5,f47e53e72bc1ebd062b2038f45b5bbe9",
                "genome_coverage_quotes.png:md5,105c926528fd0a641955bcc2a7361f4b",
                "genome_gc_content_per_window.png:md5,078e2d83d173724e4731b580c0c234f7",
                "genome_homopolymer_indels.png:md5,2f2f85d6051d00171b90b57586c4bf89",
                "genome_insert_size_across_reference.png:md5,ec76e7f994c19c4b3128c1723d23a36b",
                "genome_insert_size_histogram.png:md5,35410d385a13734a221db49bcbcb8125",
                "genome_mapping_quality_across_reference.png:md5,98de0bd88a1675614eb222334eee02a1",
                "genome_mapping_quality_histogram.png:md5,e0ebd0f543186f974ca1a7abcc1e1bfa",
                "genome_reads_content_per_read_position.png:md5,44fd0f4cd597d65a39bdc816d4e7d105",
                "genome_uniq_read_starts_histogram.png:md5,8f7549a63eee3d3f022699aaa5bb858d",
                "coverage_across_reference.txt:md5,1be6ac107344acebe85c3f26ee09f365",
                "coverage_histogram.txt:md5,ccc779e0f77af0d883a46c35ac252ee9",
                "duplication_rate_histogram.txt:md5,d5f25ad3572b98880b6904dcf4b3ed25",
                "genome_fraction_coverage.txt:md5,fdbdd1117e1baeebb887794c3761645a",
                "homopolymer_indels.txt:md5,33eb3e6fb351f46d814065fb4eb90a57",
                "insert_size_across_reference.txt:md5,4d35fc38a064ae6b5216afc85db8fdab",
                "insert_size_histogram.txt:md5,1be9c8957285a49bf823a40f1a10436a",
                "mapped_reads_gc-content_distribution.txt:md5,b15880eaa0c2111aaab36258671c89b4",
                "mapped_reads_nucleotide_content.txt:md5,cb539b6c1fd8c7cef1a648a6142947ed",
                "mapping_quality_across_reference.txt:md5,7b29de82fbdad93249121e694f09abb2",
                "mapping_quality_histogram.txt:md5,146ee326a9f0193a4efe69d3b3cb9c51",
                "bgfooter.png:md5,ed01bb040346e4623cc87de331ddb4e1",
                "bgtop.png:md5,626a50532dc6e5adbdd968746ef318e8",
                "comment-bright.png:md5,0c850bb4920b581bf5e5dba5fa493a64",
                "comment-close.png:md5,2635dda49c823e8122d4d11ed385f33d",
                "comment.png:md5,882e40f3d6a16c6ed35659b105251525",
                "down-pressed.png:md5,ebe8979581eda700fb234a73c661a4b9",
                "down.png:md5,f6f3c819cc7ca27d7fd3347e5e7ffe0f",
                "file.png:md5,6587e59c55e626744eb6fc11129d99a7",
                "minus.png:md5,8d572395aa95c89584a09813ada4dfa1",
                "plus.png:md5,0125e6faa04e2cf0141a2d599d3bb220",
                "qualimap_logo_small.png:md5,7526f145a97be4682fd59e27dda4f71b",
                "up-pressed.png:md5,8ea9bd109342f87fee97943b479c6f7e",
                "up.png:md5,ecc373278454cc8ecc12d6ca69e55b36",
                "genome_results.txt:md5,445e1cd701e53837e7747383264f0b15",
                "genome_coverage_0to50_histogram.png:md5,637b56ece52cdc2289a2647fbf4f6a75",
                "genome_coverage_across_reference.png:md5,0a5b5c3e45e33b575c2f61005ded9e12",
                "genome_coverage_histogram.png:md5,404125828052d668c1f3163612737ed9",
                "genome_coverage_quotes.png:md5,e29ff927b4358b25844e5d41b167b527",
                "genome_gc_content_per_window.png:md5,7557384b8234a3f372e473978ea9a4af",
                "genome_mapping_quality_across_reference.png:md5,0bf81ea931e45fadd8c8ca892900cfe9",
                "genome_mapping_quality_histogram.png:md5,285393f05f739b6a01b655b7935ae967",
                "genome_reads_content_per_read_position.png:md5,f800a17227896c6825d1b7f4b7a03884",
                "genome_uniq_read_starts_histogram.png:md5,34067922f019edb720890a08ef5e0c96",
                "coverage_across_reference.txt:md5,fc16e0c8bf8fb944852c5076db7082a0",
                "coverage_histogram.txt:md5,3309f48044a8b11647c64881657c7238",
                "duplication_rate_histogram.txt:md5,13c2f665040450128a1a180dc882f30b",
                "genome_fraction_coverage.txt:md5,6f793d8196702b13461de57bc2e66e94",
                "mapped_reads_gc-content_distribution.txt:md5,181fbb5d26463a2f26af1356f1f0eadc",
                "mapped_reads_nucleotide_content.txt:md5,f1767886ece618cd6237811972771829",
                "mapping_quality_across_reference.txt:md5,20c4926baba1b95c4c61c71921606e0c",
                "mapping_quality_histogram.txt:md5,2c0d7e287907ffe080d5714742862924",
                "bgfooter.png:md5,ed01bb040346e4623cc87de331ddb4e1",
                "bgtop.png:md5,626a50532dc6e5adbdd968746ef318e8",
                "comment-bright.png:md5,0c850bb4920b581bf5e5dba5fa493a64",
                "comment-close.png:md5,2635dda49c823e8122d4d11ed385f33d",
                "comment.png:md5,882e40f3d6a16c6ed35659b105251525",
                "down-pressed.png:md5,ebe8979581eda700fb234a73c661a4b9",
                "down.png:md5,f6f3c819cc7ca27d7fd3347e5e7ffe0f",
                "file.png:md5,6587e59c55e626744eb6fc11129d99a7",
                "minus.png:md5,8d572395aa95c89584a09813ada4dfa1",
                "plus.png:md5,0125e6faa04e2cf0141a2d599d3bb220",
                "qualimap_logo_small.png:md5,7526f145a97be4682fd59e27dda4f71b",
                "up-pressed.png:md5,8ea9bd109342f87fee97943b479c6f7e",
                "up.png:md5,ecc373278454cc8ecc12d6ca69e55b36",
                "genome_results.txt:md5,cb7e3c8a8097ffd58fc9d4b0f293cf64",
                "genome_coverage_0to50_histogram.png:md5,1ff2b308c8d119d2f0fbeebf87812eb2",
                "genome_coverage_across_reference.png:md5,bf31573fd84f06cf9cb62dbfa575a91f",
                "genome_coverage_histogram.png:md5,b2fe0d41c91f7790fc6b00a346b388d2",
                "genome_coverage_quotes.png:md5,328430d3196cdf58373e3273204c504c",
                "genome_gc_content_per_window.png:md5,c7cd53051b57f4beb32c53aa547d6f6d",
                "genome_mapping_quality_across_reference.png:md5,da2dcf5b7f77f90fd0e104420a16b3ab",
                "genome_mapping_quality_histogram.png:md5,a5c50e96be0dcec34216b23cb406bccc",
                "genome_reads_content_per_read_position.png:md5,46880f11f412d49c2306aab53b2c0d58",
                "genome_uniq_read_starts_histogram.png:md5,5299aeedaad4f7e51d90c9bca2f6d883",
                "coverage_across_reference.txt:md5,5874810f15b1f3685b369b034a2acd8a",
                "coverage_histogram.txt:md5,2b16c3bbbf7a6a75a2ef5b634389a82d",
                "duplication_rate_histogram.txt:md5,c64a6971ecf68981649bd556a4f4f962",
                "genome_fraction_coverage.txt:md5,00afa397c2433c9ab2e4be44f76e6d88",
                "mapped_reads_gc-content_distribution.txt:md5,303cfadd36d9db93c7cd2987590ca1c9",
                "mapped_reads_nucleotide_content.txt:md5,210354e1046fcffad6c8d48796c6b1aa",
                "mapping_quality_across_reference.txt:md5,7a6b20cf1843b5a42a8067411e5c446f",
                "mapping_quality_histogram.txt:md5,f3ff147535f5d62131b0ade7f38f0422",
                "bgfooter.png:md5,ed01bb040346e4623cc87de331ddb4e1",
                "bgtop.png:md5,626a50532dc6e5adbdd968746ef318e8",
                "comment-bright.png:md5,0c850bb4920b581bf5e5dba5fa493a64",
                "comment-close.png:md5,2635dda49c823e8122d4d11ed385f33d",
                "comment.png:md5,882e40f3d6a16c6ed35659b105251525",
                "down-pressed.png:md5,ebe8979581eda700fb234a73c661a4b9",
                "down.png:md5,f6f3c819cc7ca27d7fd3347e5e7ffe0f",
                "file.png:md5,6587e59c55e626744eb6fc11129d99a7",
                "minus.png:md5,8d572395aa95c89584a09813ada4dfa1",
                "plus.png:md5,0125e6faa04e2cf0141a2d599d3bb220",
                "qualimap_logo_small.png:md5,7526f145a97be4682fd59e27dda4f71b",
                "up-pressed.png:md5,8ea9bd109342f87fee97943b479c6f7e",
                "up.png:md5,ecc373278454cc8ecc12d6ca69e55b36",
                "genome_results.txt:md5,56b2c5bc4772ef6439af3a3b8c97cfaa",
                "genome_coverage_0to50_histogram.png:md5,3501fd82e39214c4d4eee7654bee6c78",
                "genome_coverage_across_reference.png:md5,7ad700c06da782c774dc6b7c5a23d4d3",
                "genome_coverage_histogram.png:md5,28cd3d71e1ec18eb62e85e5790868b70",
                "genome_coverage_quotes.png:md5,ab6de3a939b3e1ca01fc8cfd693ae740",
                "genome_gc_content_per_window.png:md5,bd423e18779106ab5cc9345f934ce9bf",
                "genome_mapping_quality_across_reference.png:md5,febd5511bbebd06f9609f3f55ae2ab66",
                "genome_mapping_quality_histogram.png:md5,ce4900af4024411ff1e246b319a03fbb",
                "genome_reads_content_per_read_position.png:md5,ffe8915406e23a9b717c676363308f6a",
                "genome_uniq_read_starts_histogram.png:md5,7909a5743a46394d6535101f05b65255",
                "coverage_across_reference.txt:md5,07fc5f38d74b2e972ded377307eedbf5",
                "coverage_histogram.txt:md5,b67b6c224f6070fdf154a99cf3622a3e",
                "duplication_rate_histogram.txt:md5,13c2f665040450128a1a180dc882f30b",
                "genome_fraction_coverage.txt:md5,cd6f5a75a6a60d7c5080434408e18327",
                "mapped_reads_gc-content_distribution.txt:md5,4f7faeac645ddac1575f42534afbdac2",
                "mapped_reads_nucleotide_content.txt:md5,9bd3539fcabac39a5a4153aa07ecf7ec",
                "mapping_quality_across_reference.txt:md5,50d2bcf8e0fb645e8493eb48988d90f1",
                "mapping_quality_histogram.txt:md5,14e6b48e292e0b8d114a5ab8f370ee0c"
            ]
        ],
        "meta": {
            "nf-test": "0.9.0",
            "nextflow": "24.04.4"
        },
        "timestamp": "2024-09-29T13:16:32.870439053"
    }
}