{
    "Bismark: skip_deduplication": {
        "content": [
            43,
            {
                "BISMARK_ALIGN": {
                    "bismark": "0.24.0"
                },
                "BISMARK_GENOMEPREPARATION": {
                    "bismark": "0.24.0"
                },
                "FASTQC": {
                    "fastqc": "0.12.1"
                },
                "QUALIMAP_BAMQC": {
                    "qualimap": 2.3
                },
                "TRIMGALORE": {
                    "trimgalore": "0.6.7",
                    "cutadapt": 3.4
                },
                "Workflow": {
                    "nf-core/methylseq": "v2.7.0dev"
                }
            },
            [
                "bismark",
                "alignments",
                "Ecoli_1_val_1_bismark_bt2_pe.bam",
                "SRR389222_sub1_trimmed_bismark_bt2.bam",
                "SRR389222_sub2_trimmed_bismark_bt2.bam",
                "SRR389222_sub3_trimmed_bismark_bt2.bam",
                "logs",
                "Ecoli_1_val_1_bismark_bt2_PE_report.txt",
                "SRR389222_sub1_trimmed_bismark_bt2_SE_report.txt",
                "SRR389222_sub2_trimmed_bismark_bt2_SE_report.txt",
                "SRR389222_sub3_trimmed_bismark_bt2_SE_report.txt",
                "deduplicated",
                "Ecoli.deduplicated.sorted.bam",
                "Ecoli.deduplicated.sorted.bam.bai",
                "SRR389222_sub1.deduplicated.sorted.bam",
                "SRR389222_sub1.deduplicated.sorted.bam.bai",
                "SRR389222_sub2.deduplicated.sorted.bam",
                "SRR389222_sub2.deduplicated.sorted.bam.bai",
                "SRR389222_sub3.deduplicated.sorted.bam",
                "SRR389222_sub3.deduplicated.sorted.bam.bai",
                "methylation_calls",
                "bedGraph",
                "Ecoli_1_val_1_bismark_bt2_pe.bedGraph.gz",
                "SRR389222_sub1_trimmed_bismark_bt2.bedGraph.gz",
                "SRR389222_sub2_trimmed_bismark_bt2.bedGraph.gz",
                "SRR389222_sub3_trimmed_bismark_bt2.bedGraph.gz",
                "mbias",
                "Ecoli_1_val_1_bismark_bt2_pe.M-bias.txt",
                "SRR389222_sub1_trimmed_bismark_bt2.M-bias.txt",
                "SRR389222_sub2_trimmed_bismark_bt2.M-bias.txt",
                "SRR389222_sub3_trimmed_bismark_bt2.M-bias.txt",
                "methylation_calls",
                "CHG_OB_Ecoli_1_val_1_bismark_bt2_pe.txt.gz",
                "CHG_OB_SRR389222_sub1_trimmed_bismark_bt2.txt.gz",
                "CHG_OB_SRR389222_sub2_trimmed_bismark_bt2.txt.gz",
                "CHG_OB_SRR389222_sub3_trimmed_bismark_bt2.txt.gz",
                "CHG_OT_Ecoli_1_val_1_bismark_bt2_pe.txt.gz",
                "CHG_OT_SRR389222_sub1_trimmed_bismark_bt2.txt.gz",
                "CHG_OT_SRR389222_sub2_trimmed_bismark_bt2.txt.gz",
                "CHG_OT_SRR389222_sub3_trimmed_bismark_bt2.txt.gz",
                "CHH_OB_Ecoli_1_val_1_bismark_bt2_pe.txt.gz",
                "CHH_OB_SRR389222_sub1_trimmed_bismark_bt2.txt.gz",
                "CHH_OB_SRR389222_sub2_trimmed_bismark_bt2.txt.gz",
                "CHH_OB_SRR389222_sub3_trimmed_bismark_bt2.txt.gz",
                "CHH_OT_Ecoli_1_val_1_bismark_bt2_pe.txt.gz",
                "CHH_OT_SRR389222_sub1_trimmed_bismark_bt2.txt.gz",
                "CHH_OT_SRR389222_sub2_trimmed_bismark_bt2.txt.gz",
                "CHH_OT_SRR389222_sub3_trimmed_bismark_bt2.txt.gz",
                "CpG_OB_Ecoli_1_val_1_bismark_bt2_pe.txt.gz",
                "CpG_OB_SRR389222_sub1_trimmed_bismark_bt2.txt.gz",
                "CpG_OB_SRR389222_sub2_trimmed_bismark_bt2.txt.gz",
                "CpG_OB_SRR389222_sub3_trimmed_bismark_bt2.txt.gz",
                "CpG_OT_Ecoli_1_val_1_bismark_bt2_pe.txt.gz",
                "CpG_OT_SRR389222_sub1_trimmed_bismark_bt2.txt.gz",
                "CpG_OT_SRR389222_sub2_trimmed_bismark_bt2.txt.gz",
                "CpG_OT_SRR389222_sub3_trimmed_bismark_bt2.txt.gz",
                "methylation_coverage",
                "Ecoli_1_val_1_bismark_bt2_pe.bismark.cov.gz",
                "SRR389222_sub1_trimmed_bismark_bt2.bismark.cov.gz",
                "SRR389222_sub2_trimmed_bismark_bt2.bismark.cov.gz",
                "SRR389222_sub3_trimmed_bismark_bt2.bismark.cov.gz",
                "splitting_report",
                "Ecoli_1_val_1_bismark_bt2_pe_splitting_report.txt",
                "SRR389222_sub1_trimmed_bismark_bt2_splitting_report.txt",
                "SRR389222_sub2_trimmed_bismark_bt2_splitting_report.txt",
                "SRR389222_sub3_trimmed_bismark_bt2_splitting_report.txt",
                "reports",
                "Ecoli_1_val_1_bismark_bt2_PE_report.html",
                "SRR389222_sub1_trimmed_bismark_bt2_SE_report.html",
                "SRR389222_sub2_trimmed_bismark_bt2_SE_report.html",
                "SRR389222_sub3_trimmed_bismark_bt2_SE_report.html",
                "summary",
                "bismark_summary_report.html",
                "bismark_summary_report.txt",
                "fastqc",
                "Ecoli_1_fastqc.html",
                "Ecoli_2_fastqc.html",
                "SRR389222_sub1_fastqc.html",
                "SRR389222_sub2_fastqc.html",
                "SRR389222_sub3_fastqc.html",
                "zips",
                "Ecoli_1_fastqc.zip",
                "Ecoli_2_fastqc.zip",
                "SRR389222_sub1_fastqc.zip",
                "SRR389222_sub2_fastqc.zip",
                "SRR389222_sub3_fastqc.zip",
                "multiqc",
                "bismark",
                "multiqc_data",
                "bismark-methylation-dp.txt",
                "bismark_alignment.txt",
                "bismark_mbias_CHG_R1.txt",
                "bismark_mbias_CHG_R2.txt",
                "bismark_mbias_CHH_R1.txt",
                "bismark_mbias_CHH_R2.txt",
                "bismark_mbias_CpG_R1.txt",
                "bismark_mbias_CpG_R2.txt",
                "bismark_strand_alignment.txt",
                "cutadapt_filtered_reads_plot.txt",
                "cutadapt_trimmed_sequences_plot_3_Counts.txt",
                "cutadapt_trimmed_sequences_plot_3_Obs_Exp.txt",
                "fastqc-status-check-heatmap.txt",
                "fastqc_adapter_content_plot.txt",
                "fastqc_overrepresented_sequences_plot.txt",
                "fastqc_per_base_n_content_plot.txt",
                "fastqc_per_base_sequence_quality_plot.txt",
                "fastqc_per_sequence_gc_content_plot_Counts.txt",
                "fastqc_per_sequence_gc_content_plot_Percentages.txt",
                "fastqc_per_sequence_quality_scores_plot.txt",
                "fastqc_sequence_counts_plot.txt",
                "fastqc_sequence_duplication_levels_plot.txt",
                "fastqc_top_overrepresented_sequences_table.txt",
                "multiqc.log",
                "multiqc_bismark_alignment.txt",
                "multiqc_bismark_methextract.txt",
                "multiqc_citations.txt",
                "multiqc_cutadapt.txt",
                "multiqc_data.json",
                "multiqc_fastqc.txt",
                "multiqc_general_stats.txt",
                "multiqc_qualimap_bamqc_genome_results.txt",
                "multiqc_software_versions.txt",
                "multiqc_sources.txt",
                "qualimap_coverage_histogram.txt",
                "qualimap_gc_content.txt",
                "qualimap_genome_fraction.txt",
                "qualimap_insert_size.txt",
                "multiqc_plots",
                "pdf",
                "bismark-methylation-dp.pdf",
                "bismark_alignment-cnt.pdf",
                "bismark_alignment-pct.pdf",
                "bismark_mbias_CHG_R1.pdf",
                "bismark_mbias_CHG_R2.pdf",
                "bismark_mbias_CHH_R1.pdf",
                "bismark_mbias_CHH_R2.pdf",
                "bismark_mbias_CpG_R1.pdf",
                "bismark_mbias_CpG_R2.pdf",
                "bismark_strand_alignment-cnt.pdf",
                "bismark_strand_alignment-pct.pdf",
                "cutadapt_filtered_reads_plot-cnt.pdf",
                "cutadapt_filtered_reads_plot-pct.pdf",
                "cutadapt_trimmed_sequences_plot_3_Counts.pdf",
                "cutadapt_trimmed_sequences_plot_3_Obs_Exp.pdf",
                "fastqc-status-check-heatmap.pdf",
                "fastqc_adapter_content_plot.pdf",
                "fastqc_overrepresented_sequences_plot.pdf",
                "fastqc_per_base_n_content_plot.pdf",
                "fastqc_per_base_sequence_quality_plot.pdf",
                "fastqc_per_sequence_gc_content_plot_Counts.pdf",
                "fastqc_per_sequence_gc_content_plot_Percentages.pdf",
                "fastqc_per_sequence_quality_scores_plot.pdf",
                "fastqc_sequence_counts_plot-cnt.pdf",
                "fastqc_sequence_counts_plot-pct.pdf",
                "fastqc_sequence_duplication_levels_plot.pdf",
                "fastqc_top_overrepresented_sequences_table.pdf",
                "general_stats_table.pdf",
                "qualimap_coverage_histogram.pdf",
                "qualimap_gc_content.pdf",
                "qualimap_genome_fraction.pdf",
                "qualimap_insert_size.pdf",
                "png",
                "bismark-methylation-dp.png",
                "bismark_alignment-cnt.png",
                "bismark_alignment-pct.png",
                "bismark_mbias_CHG_R1.png",
                "bismark_mbias_CHG_R2.png",
                "bismark_mbias_CHH_R1.png",
                "bismark_mbias_CHH_R2.png",
                "bismark_mbias_CpG_R1.png",
                "bismark_mbias_CpG_R2.png",
                "bismark_strand_alignment-cnt.png",
                "bismark_strand_alignment-pct.png",
                "cutadapt_filtered_reads_plot-cnt.png",
                "cutadapt_filtered_reads_plot-pct.png",
                "cutadapt_trimmed_sequences_plot_3_Counts.png",
                "cutadapt_trimmed_sequences_plot_3_Obs_Exp.png",
                "fastqc-status-check-heatmap.png",
                "fastqc_adapter_content_plot.png",
                "fastqc_overrepresented_sequences_plot.png",
                "fastqc_per_base_n_content_plot.png",
                "fastqc_per_base_sequence_quality_plot.png",
                "fastqc_per_sequence_gc_content_plot_Counts.png",
                "fastqc_per_sequence_gc_content_plot_Percentages.png",
                "fastqc_per_sequence_quality_scores_plot.png",
                "fastqc_sequence_counts_plot-cnt.png",
                "fastqc_sequence_counts_plot-pct.png",
                "fastqc_sequence_duplication_levels_plot.png",
                "fastqc_top_overrepresented_sequences_table.png",
                "general_stats_table.png",
                "qualimap_coverage_histogram.png",
                "qualimap_gc_content.png",
                "qualimap_genome_fraction.png",
                "qualimap_insert_size.png",
                "svg",
                "bismark-methylation-dp.svg",
                "bismark_alignment-cnt.svg",
                "bismark_alignment-pct.svg",
                "bismark_mbias_CHG_R1.svg",
                "bismark_mbias_CHG_R2.svg",
                "bismark_mbias_CHH_R1.svg",
                "bismark_mbias_CHH_R2.svg",
                "bismark_mbias_CpG_R1.svg",
                "bismark_mbias_CpG_R2.svg",
                "bismark_strand_alignment-cnt.svg",
                "bismark_strand_alignment-pct.svg",
                "cutadapt_filtered_reads_plot-cnt.svg",
                "cutadapt_filtered_reads_plot-pct.svg",
                "cutadapt_trimmed_sequences_plot_3_Counts.svg",
                "cutadapt_trimmed_sequences_plot_3_Obs_Exp.svg",
                "fastqc-status-check-heatmap.svg",
                "fastqc_adapter_content_plot.svg",
                "fastqc_overrepresented_sequences_plot.svg",
                "fastqc_per_base_n_content_plot.svg",
                "fastqc_per_base_sequence_quality_plot.svg",
                "fastqc_per_sequence_gc_content_plot_Counts.svg",
                "fastqc_per_sequence_gc_content_plot_Percentages.svg",
                "fastqc_per_sequence_quality_scores_plot.svg",
                "fastqc_sequence_counts_plot-cnt.svg",
                "fastqc_sequence_counts_plot-pct.svg",
                "fastqc_sequence_duplication_levels_plot.svg",
                "fastqc_top_overrepresented_sequences_table.svg",
                "general_stats_table.svg",
                "qualimap_coverage_histogram.svg",
                "qualimap_gc_content.svg",
                "qualimap_genome_fraction.svg",
                "qualimap_insert_size.svg",
                "multiqc_report.html",
                "pipeline_info",
                "nf_core_pipeline_software_mqc_versions.yml",
                "qualimap",
                "Ecoli",
                "css",
                "agogo.css",
                "ajax-loader.gif",
                "basic.css",
                "bgfooter.png",
                "bgtop.png",
                "comment-bright.png",
                "comment-close.png",
                "comment.png",
                "doctools.js",
                "down-pressed.png",
                "down.png",
                "file.png",
                "jquery.js",
                "minus.png",
                "plus.png",
                "pygments.css",
                "qualimap_logo_small.png",
                "report.css",
                "searchtools.js",
                "underscore.js",
                "up-pressed.png",
                "up.png",
                "websupport.js",
                "genome_results.txt",
                "images_qualimapReport",
                "genome_coverage_0to50_histogram.png",
                "genome_coverage_across_reference.png",
                "genome_coverage_histogram.png",
                "genome_coverage_quotes.png",
                "genome_gc_content_per_window.png",
                "genome_homopolymer_indels.png",
                "genome_insert_size_across_reference.png",
                "genome_insert_size_histogram.png",
                "genome_mapping_quality_across_reference.png",
                "genome_mapping_quality_histogram.png",
                "genome_reads_content_per_read_position.png",
                "genome_uniq_read_starts_histogram.png",
                "qualimapReport.html",
                "raw_data_qualimapReport",
                "coverage_across_reference.txt",
                "coverage_histogram.txt",
                "duplication_rate_histogram.txt",
                "genome_fraction_coverage.txt",
                "homopolymer_indels.txt",
                "insert_size_across_reference.txt",
                "insert_size_histogram.txt",
                "mapped_reads_gc-content_distribution.txt",
                "mapped_reads_nucleotide_content.txt",
                "mapping_quality_across_reference.txt",
                "mapping_quality_histogram.txt",
                "SRR389222_sub1",
                "css",
                "agogo.css",
                "ajax-loader.gif",
                "basic.css",
                "bgfooter.png",
                "bgtop.png",
                "comment-bright.png",
                "comment-close.png",
                "comment.png",
                "doctools.js",
                "down-pressed.png",
                "down.png",
                "file.png",
                "jquery.js",
                "minus.png",
                "plus.png",
                "pygments.css",
                "qualimap_logo_small.png",
                "report.css",
                "searchtools.js",
                "underscore.js",
                "up-pressed.png",
                "up.png",
                "websupport.js",
                "genome_results.txt",
                "images_qualimapReport",
                "genome_coverage_0to50_histogram.png",
                "genome_coverage_across_reference.png",
                "genome_coverage_histogram.png",
                "genome_coverage_quotes.png",
                "genome_gc_content_per_window.png",
                "genome_mapping_quality_across_reference.png",
                "genome_mapping_quality_histogram.png",
                "genome_reads_content_per_read_position.png",
                "genome_uniq_read_starts_histogram.png",
                "qualimapReport.html",
                "raw_data_qualimapReport",
                "coverage_across_reference.txt",
                "coverage_histogram.txt",
                "duplication_rate_histogram.txt",
                "genome_fraction_coverage.txt",
                "mapped_reads_gc-content_distribution.txt",
                "mapped_reads_nucleotide_content.txt",
                "mapping_quality_across_reference.txt",
                "mapping_quality_histogram.txt",
                "SRR389222_sub2",
                "css",
                "agogo.css",
                "ajax-loader.gif",
                "basic.css",
                "bgfooter.png",
                "bgtop.png",
                "comment-bright.png",
                "comment-close.png",
                "comment.png",
                "doctools.js",
                "down-pressed.png",
                "down.png",
                "file.png",
                "jquery.js",
                "minus.png",
                "plus.png",
                "pygments.css",
                "qualimap_logo_small.png",
                "report.css",
                "searchtools.js",
                "underscore.js",
                "up-pressed.png",
                "up.png",
                "websupport.js",
                "genome_results.txt",
                "images_qualimapReport",
                "genome_coverage_0to50_histogram.png",
                "genome_coverage_across_reference.png",
                "genome_coverage_histogram.png",
                "genome_coverage_quotes.png",
                "genome_gc_content_per_window.png",
                "genome_mapping_quality_across_reference.png",
                "genome_mapping_quality_histogram.png",
                "genome_reads_content_per_read_position.png",
                "genome_uniq_read_starts_histogram.png",
                "qualimapReport.html",
                "raw_data_qualimapReport",
                "coverage_across_reference.txt",
                "coverage_histogram.txt",
                "duplication_rate_histogram.txt",
                "genome_fraction_coverage.txt",
                "mapped_reads_gc-content_distribution.txt",
                "mapped_reads_nucleotide_content.txt",
                "mapping_quality_across_reference.txt",
                "mapping_quality_histogram.txt",
                "SRR389222_sub3",
                "css",
                "agogo.css",
                "ajax-loader.gif",
                "basic.css",
                "bgfooter.png",
                "bgtop.png",
                "comment-bright.png",
                "comment-close.png",
                "comment.png",
                "doctools.js",
                "down-pressed.png",
                "down.png",
                "file.png",
                "jquery.js",
                "minus.png",
                "plus.png",
                "pygments.css",
                "qualimap_logo_small.png",
                "report.css",
                "searchtools.js",
                "underscore.js",
                "up-pressed.png",
                "up.png",
                "websupport.js",
                "genome_results.txt",
                "images_qualimapReport",
                "genome_coverage_0to50_histogram.png",
                "genome_coverage_across_reference.png",
                "genome_coverage_histogram.png",
                "genome_coverage_quotes.png",
                "genome_gc_content_per_window.png",
                "genome_mapping_quality_across_reference.png",
                "genome_mapping_quality_histogram.png",
                "genome_reads_content_per_read_position.png",
                "genome_uniq_read_starts_histogram.png",
                "qualimapReport.html",
                "raw_data_qualimapReport",
                "coverage_across_reference.txt",
                "coverage_histogram.txt",
                "duplication_rate_histogram.txt",
                "genome_fraction_coverage.txt",
                "mapped_reads_gc-content_distribution.txt",
                "mapped_reads_nucleotide_content.txt",
                "mapping_quality_across_reference.txt",
                "mapping_quality_histogram.txt",
                "trimgalore",
                "fastqc",
                "Ecoli_1_val_1_fastqc.html",
                "Ecoli_2_val_2_fastqc.html",
                "SRR389222_sub1_trimmed_fastqc.html",
                "SRR389222_sub2_trimmed_fastqc.html",
                "SRR389222_sub3_trimmed_fastqc.html",
                "zips",
                "Ecoli_1_val_1_fastqc.zip",
                "Ecoli_2_val_2_fastqc.zip",
                "SRR389222_sub1_trimmed_fastqc.zip",
                "SRR389222_sub2_trimmed_fastqc.zip",
                "SRR389222_sub3_trimmed_fastqc.zip",
                "logs",
                "Ecoli_1.fastq.gz_trimming_report.txt",
                "Ecoli_2.fastq.gz_trimming_report.txt",
                "SRR389222_sub1.fastq.gz_trimming_report.txt",
                "SRR389222_sub2.fastq.gz_trimming_report.txt",
                "SRR389222_sub3.fastq.gz_trimming_report.txt"
            ],
            [
                "Ecoli_1_val_1_bismark_bt2_pe.bam:md5,8634dd8fec0abc47cf962ed78a2f0ad4",
                "SRR389222_sub1_trimmed_bismark_bt2.bam:md5,2ad6cb12a58661503870fc676d816b9c",
                "SRR389222_sub2_trimmed_bismark_bt2.bam:md5,6418e17a58b869ae8a1c1d8d631b32c6",
                "SRR389222_sub3_trimmed_bismark_bt2.bam:md5,3e6e72eb85e7717ec5b1f5a6c645cfde",
                "Ecoli.deduplicated.sorted.bam:md5,2b71cba50c9ec37aa12f60e1673a0378",
                "Ecoli.deduplicated.sorted.bam.bai:md5,f44b7e491510a786d75a4e2bdbcf4886",
                "SRR389222_sub1.deduplicated.sorted.bam:md5,89d389423f83a78f4ad951bf780559fa",
                "SRR389222_sub1.deduplicated.sorted.bam.bai:md5,eb3366404b5c7f032f1770007e349bb3",
                "SRR389222_sub2.deduplicated.sorted.bam:md5,0596856115b0b245475d995dd7f256e7",
                "SRR389222_sub2.deduplicated.sorted.bam.bai:md5,04499dbb691b10ce9bdb504b9ea4fbd0",
                "SRR389222_sub3.deduplicated.sorted.bam:md5,3da7fc9bbd152877380bdef416b43109",
                "SRR389222_sub3.deduplicated.sorted.bam.bai:md5,cb01c148b314195c0f4823fc44a9b8d6",
                "Ecoli_1_val_1_bismark_bt2_pe.bedGraph.gz:md5,58c9ba98d0638c26a30233b006a81172",
                "SRR389222_sub1_trimmed_bismark_bt2.bedGraph.gz:md5,0108abdb44e4310a3fe9d4bd2f55f913",
                "SRR389222_sub2_trimmed_bismark_bt2.bedGraph.gz:md5,f51aa1ad49280a4ffdd1eb325c6363e6",
                "SRR389222_sub3_trimmed_bismark_bt2.bedGraph.gz:md5,5b2f311ebc1126ebeb12b0a18b8b2b33",
                "Ecoli_1_val_1_bismark_bt2_pe.M-bias.txt:md5,29f3b882a51b63ce77d3d9c69b0e5f85",
                "SRR389222_sub1_trimmed_bismark_bt2.M-bias.txt:md5,ead045c91970fe379e1d6d8a42bb19a7",
                "SRR389222_sub2_trimmed_bismark_bt2.M-bias.txt:md5,86d40e07741f29758abfe4e872fc385e",
                "SRR389222_sub3_trimmed_bismark_bt2.M-bias.txt:md5,b63a471b3e204c7ef64ee5e5e5244d85",
                "CHG_OB_Ecoli_1_val_1_bismark_bt2_pe.txt.gz:md5,9c2248d95d96d6c315c65f1b8dc3bc39",
                "CHG_OB_SRR389222_sub1_trimmed_bismark_bt2.txt.gz:md5,c8ccffe89627f497f9b542400c9db8c2",
                "CHG_OB_SRR389222_sub2_trimmed_bismark_bt2.txt.gz:md5,d5a2e20bb05c36d4a3ff60b548ff6eed",
                "CHG_OB_SRR389222_sub3_trimmed_bismark_bt2.txt.gz:md5,34afa53b37f6d66b8439f9f5c3009c95",
                "CHG_OT_Ecoli_1_val_1_bismark_bt2_pe.txt.gz:md5,5e5aefaa3f63e73f30342ad843eb210b",
                "CHG_OT_SRR389222_sub1_trimmed_bismark_bt2.txt.gz:md5,e122c0aad5203709fa82eb8916c398fe",
                "CHG_OT_SRR389222_sub2_trimmed_bismark_bt2.txt.gz:md5,32db65975e8735b7726502b62277a6b3",
                "CHG_OT_SRR389222_sub3_trimmed_bismark_bt2.txt.gz:md5,ade59578f5112ee0a756e9bca33ad862",
                "CHH_OB_Ecoli_1_val_1_bismark_bt2_pe.txt.gz:md5,65f2afc6b1c76209af1acd1d4277a1cc",
                "CHH_OB_SRR389222_sub1_trimmed_bismark_bt2.txt.gz:md5,ddedeb6dcd4cc268d3db74e040fe21c3",
                "CHH_OB_SRR389222_sub2_trimmed_bismark_bt2.txt.gz:md5,e1dc4788895f0ee8a34f7e49c7f64df9",
                "CHH_OB_SRR389222_sub3_trimmed_bismark_bt2.txt.gz:md5,ed1a03bf2573f43956d9b6b81ec9d3ef",
                "CHH_OT_Ecoli_1_val_1_bismark_bt2_pe.txt.gz:md5,978ad87fef01e39283a620253320ee45",
                "CHH_OT_SRR389222_sub1_trimmed_bismark_bt2.txt.gz:md5,95935ceea5d0d3fba3ea2e8e597aebd1",
                "CHH_OT_SRR389222_sub2_trimmed_bismark_bt2.txt.gz:md5,d94be49f39b1d8a285c348f963295a6d",
                "CHH_OT_SRR389222_sub3_trimmed_bismark_bt2.txt.gz:md5,747eba78d8dbbab727303c726d10ee41",
                "CpG_OB_Ecoli_1_val_1_bismark_bt2_pe.txt.gz:md5,54def6bf13e27f38adbbd3dd06297596",
                "CpG_OB_SRR389222_sub1_trimmed_bismark_bt2.txt.gz:md5,2c91088668e203cf09eb2f6708dedb4e",
                "CpG_OB_SRR389222_sub2_trimmed_bismark_bt2.txt.gz:md5,6dcbe44cfee76eefac27d8f46faa7f34",
                "CpG_OB_SRR389222_sub3_trimmed_bismark_bt2.txt.gz:md5,e1aafc027e9fb628d815c0704ae0fb77",
                "CpG_OT_Ecoli_1_val_1_bismark_bt2_pe.txt.gz:md5,9712eef973883f44dcc0a307af28ba70",
                "CpG_OT_SRR389222_sub1_trimmed_bismark_bt2.txt.gz:md5,f9f7dfb3960f2c17f1f400b9492bf66d",
                "CpG_OT_SRR389222_sub2_trimmed_bismark_bt2.txt.gz:md5,c6d05b52276a647417464b670b90c673",
                "CpG_OT_SRR389222_sub3_trimmed_bismark_bt2.txt.gz:md5,d4b2f752599d3cdc8e29a24ee82dd785",
                "Ecoli_1_val_1_bismark_bt2_pe.bismark.cov.gz:md5,8e6ba6fe66416d73e7f94b4da9ca77b1",
                "SRR389222_sub1_trimmed_bismark_bt2.bismark.cov.gz:md5,0a55ad364ec74208a55349235461c065",
                "SRR389222_sub2_trimmed_bismark_bt2.bismark.cov.gz:md5,68b4cc7edcc98355579efebdfd0c393e",
                "SRR389222_sub3_trimmed_bismark_bt2.bismark.cov.gz:md5,bd5a5bf8e8b82ff4460cd4f8ed12269c",
                "bismark-methylation-dp.txt:md5,63ebdba371960d3ed64c38ad14c34ce5",
                "bismark_alignment.txt:md5,34bf742e578ce3376c13f5a0bcb40b72",
                "bismark_mbias_CHG_R1.txt:md5,602418938a932bd2527aeeb6f0e01012",
                "bismark_mbias_CHG_R2.txt:md5,bd6c28070d24ba4388b7facb2666a803",
                "bismark_mbias_CHH_R1.txt:md5,56aa5b1ecb86cbd31f091b2681df1e4f",
                "bismark_mbias_CHH_R2.txt:md5,a97bf38ace12bd131ac4c82326621c95",
                "bismark_mbias_CpG_R1.txt:md5,d113e39f2a206c205899ca6c3b0e93ce",
                "bismark_mbias_CpG_R2.txt:md5,ef2b9d55256c9e2f38f424b85a8030e2",
                "bismark_strand_alignment.txt:md5,cb2782d88851eb39cdb1e78948c0224c",
                "cutadapt_filtered_reads_plot.txt:md5,0ce9197c7bd7b3f28a3b3a138f0fa7ac",
                "cutadapt_trimmed_sequences_plot_3_Counts.txt:md5,d26da65930f05d6bf9d0f1108448fa28",
                "cutadapt_trimmed_sequences_plot_3_Obs_Exp.txt:md5,b2efa644f2e7490dc27d2e100e438ebd",
                "fastqc-status-check-heatmap.txt:md5,230dfd84f4b57666319047198394ca60",
                "fastqc_adapter_content_plot.txt:md5,8910f0d1c3e966a2d5cceaa5f127257d",
                "fastqc_overrepresented_sequences_plot.txt:md5,7402f1164f8aa05406703fb0c18b4428",
                "fastqc_per_base_n_content_plot.txt:md5,d852ed1029342edc9981ad3105abaedb",
                "fastqc_per_base_sequence_quality_plot.txt:md5,1e9c4701fdb3367be21980455010010a",
                "fastqc_per_sequence_gc_content_plot_Counts.txt:md5,af5e3874769dcda665730aaef2b76e9e",
                "fastqc_per_sequence_gc_content_plot_Percentages.txt:md5,7b21b780b32694e8a4107285f5037e42",
                "fastqc_per_sequence_quality_scores_plot.txt:md5,d41664b3ad203d095aee006588c93298",
                "fastqc_sequence_counts_plot.txt:md5,47e0b371031eb1fad2cd6be86206265b",
                "fastqc_sequence_duplication_levels_plot.txt:md5,00b66074303680ddba5a5f7dd9ab71cc",
                "multiqc_bismark_alignment.txt:md5,abc38dd767ec1bcaa14ad19f9cc7f2e2",
                "multiqc_bismark_methextract.txt:md5,b21bae94d8f70a4174b4b6150a058bc3",
                "multiqc_citations.txt:md5,b9d42869faad581bd963d3d3bb490026",
                "multiqc_cutadapt.txt:md5,811eed7b5d733c419c6585a1a6814f00",
                "multiqc_software_versions.txt:md5,514aa3d6efcd5828b1e5e85b5c82f198",
                "qualimap_coverage_histogram.txt:md5,f623f1cd63218a4de1d55cdf0bc525fd",
                "qualimap_gc_content.txt:md5,96b5d92177759b72247362c6938c0cd2",
                "qualimap_genome_fraction.txt:md5,7984b62ed2af2206b478d5393cf22b05",
                "qualimap_insert_size.txt:md5,afdd8135227657394bc7fa1812e35f37",
                "bgfooter.png:md5,ed01bb040346e4623cc87de331ddb4e1",
                "bgtop.png:md5,626a50532dc6e5adbdd968746ef318e8",
                "comment-bright.png:md5,0c850bb4920b581bf5e5dba5fa493a64",
                "comment-close.png:md5,2635dda49c823e8122d4d11ed385f33d",
                "comment.png:md5,882e40f3d6a16c6ed35659b105251525",
                "down-pressed.png:md5,ebe8979581eda700fb234a73c661a4b9",
                "down.png:md5,f6f3c819cc7ca27d7fd3347e5e7ffe0f",
                "file.png:md5,6587e59c55e626744eb6fc11129d99a7",
                "minus.png:md5,8d572395aa95c89584a09813ada4dfa1",
                "plus.png:md5,0125e6faa04e2cf0141a2d599d3bb220",
                "qualimap_logo_small.png:md5,7526f145a97be4682fd59e27dda4f71b",
                "up-pressed.png:md5,8ea9bd109342f87fee97943b479c6f7e",
                "up.png:md5,ecc373278454cc8ecc12d6ca69e55b36",
                "genome_results.txt:md5,76e822c20d0dc32ccf3ad1a4750a7ef2",
                "genome_coverage_0to50_histogram.png:md5,7894750a2a40cf73959be9937afa26ed",
                "genome_coverage_across_reference.png:md5,3296381c9a218cde31fd3f7a3f2049dc",
                "genome_coverage_histogram.png:md5,160c9bbb6ceca68311360d5fb50e69c2",
                "genome_coverage_quotes.png:md5,def4f1ccb9f66408cb413a6a62d75586",
                "genome_gc_content_per_window.png:md5,5e5123e8732a7067bfb4b52b580a473d",
                "genome_homopolymer_indels.png:md5,39937f60d3e37c5eac0e1b6733f23acd",
                "genome_insert_size_across_reference.png:md5,3b6462d1381c36feb3429b3a2260731f",
                "genome_insert_size_histogram.png:md5,00f93d799b1b4464369132ca42768eff",
                "genome_mapping_quality_across_reference.png:md5,b90527378f17d12e1236d5620cc2d5fa",
                "genome_mapping_quality_histogram.png:md5,0a1b21c48dadf3f1593b8c3c2a310ee2",
                "genome_reads_content_per_read_position.png:md5,367c9697237fbd4525ebe56bbccc4b17",
                "genome_uniq_read_starts_histogram.png:md5,c232c576632b5633ca399afc919096e7",
                "coverage_across_reference.txt:md5,2bb9eb828acfd71ace8f1e6a2ca124b4",
                "coverage_histogram.txt:md5,6ee761660a6072e5b6b75b7fe8d2c69e",
                "duplication_rate_histogram.txt:md5,d5f25ad3572b98880b6904dcf4b3ed25",
                "genome_fraction_coverage.txt:md5,3d412a72b235503d57128b3ac62e7458",
                "homopolymer_indels.txt:md5,33eb3e6fb351f46d814065fb4eb90a57",
                "insert_size_across_reference.txt:md5,4d35fc38a064ae6b5216afc85db8fdab",
                "insert_size_histogram.txt:md5,1be9c8957285a49bf823a40f1a10436a",
                "mapped_reads_gc-content_distribution.txt:md5,3f58c6c79bd0a7ffd24003a85939a979",
                "mapped_reads_nucleotide_content.txt:md5,2e1916f7c31072e65529c44069be69bd",
                "mapping_quality_across_reference.txt:md5,7b29de82fbdad93249121e694f09abb2",
                "mapping_quality_histogram.txt:md5,9dc98cc4e42f82a21f438c349e7e55db",
                "bgfooter.png:md5,ed01bb040346e4623cc87de331ddb4e1",
                "bgtop.png:md5,626a50532dc6e5adbdd968746ef318e8",
                "comment-bright.png:md5,0c850bb4920b581bf5e5dba5fa493a64",
                "comment-close.png:md5,2635dda49c823e8122d4d11ed385f33d",
                "comment.png:md5,882e40f3d6a16c6ed35659b105251525",
                "down-pressed.png:md5,ebe8979581eda700fb234a73c661a4b9",
                "down.png:md5,f6f3c819cc7ca27d7fd3347e5e7ffe0f",
                "file.png:md5,6587e59c55e626744eb6fc11129d99a7",
                "minus.png:md5,8d572395aa95c89584a09813ada4dfa1",
                "plus.png:md5,0125e6faa04e2cf0141a2d599d3bb220",
                "qualimap_logo_small.png:md5,7526f145a97be4682fd59e27dda4f71b",
                "up-pressed.png:md5,8ea9bd109342f87fee97943b479c6f7e",
                "up.png:md5,ecc373278454cc8ecc12d6ca69e55b36",
                "genome_results.txt:md5,e26877c78ca30a559d5697938181c786",
                "genome_coverage_0to50_histogram.png:md5,76768b99ac2b8bbf192a875e071f1ee5",
                "genome_coverage_across_reference.png:md5,dea9d056808276aa9cf3d75290f15a79",
                "genome_coverage_histogram.png:md5,2e59b3b3996ec66a7715765cf2068f14",
                "genome_coverage_quotes.png:md5,016458abce14522131eb198f9a3942d6",
                "genome_gc_content_per_window.png:md5,c9bf5290550c0049b6c01e89b402a009",
                "genome_mapping_quality_across_reference.png:md5,7a218a7f069ebdc296d2b50a28429127",
                "genome_mapping_quality_histogram.png:md5,db871bc4e214654f37156948728f4633",
                "genome_reads_content_per_read_position.png:md5,8db282aeb07e716b04666f9094713e15",
                "genome_uniq_read_starts_histogram.png:md5,70d3e8acea3cdeabaaf24319fc215c1a",
                "coverage_across_reference.txt:md5,80efd22ce1a88373b7b5a9f0208a468e",
                "coverage_histogram.txt:md5,1e990144f0a679c8dc2a3393544cafb0",
                "duplication_rate_histogram.txt:md5,ef84acea9c2530a11b397688ba31bd20",
                "genome_fraction_coverage.txt:md5,08721180bace78d9073fd541b20bf0c0",
                "mapped_reads_gc-content_distribution.txt:md5,5bdb3ed81f79bb48833c05e7f302806d",
                "mapped_reads_nucleotide_content.txt:md5,7f04909b4c173457a2f303d53728f7dd",
                "mapping_quality_across_reference.txt:md5,f0dc3dd737e3dad118a9f818d983a8e0",
                "mapping_quality_histogram.txt:md5,3f405e8feae1f9808a68039bb0a7b1bb",
                "bgfooter.png:md5,ed01bb040346e4623cc87de331ddb4e1",
                "bgtop.png:md5,626a50532dc6e5adbdd968746ef318e8",
                "comment-bright.png:md5,0c850bb4920b581bf5e5dba5fa493a64",
                "comment-close.png:md5,2635dda49c823e8122d4d11ed385f33d",
                "comment.png:md5,882e40f3d6a16c6ed35659b105251525",
                "down-pressed.png:md5,ebe8979581eda700fb234a73c661a4b9",
                "down.png:md5,f6f3c819cc7ca27d7fd3347e5e7ffe0f",
                "file.png:md5,6587e59c55e626744eb6fc11129d99a7",
                "minus.png:md5,8d572395aa95c89584a09813ada4dfa1",
                "plus.png:md5,0125e6faa04e2cf0141a2d599d3bb220",
                "qualimap_logo_small.png:md5,7526f145a97be4682fd59e27dda4f71b",
                "up-pressed.png:md5,8ea9bd109342f87fee97943b479c6f7e",
                "up.png:md5,ecc373278454cc8ecc12d6ca69e55b36",
                "genome_results.txt:md5,7cfeccc601bb4a823e0ccf6bd32b4fb4",
                "genome_coverage_0to50_histogram.png:md5,f494d07655934a86fb75eaf378698270",
                "genome_coverage_across_reference.png:md5,d163e18ed5b34f95157b1efd5e33c2c7",
                "genome_coverage_histogram.png:md5,c4d34d0c9a3269d56eecc52bf06679c1",
                "genome_coverage_quotes.png:md5,a388a782f95760ccecec6cd62a0ed03a",
                "genome_gc_content_per_window.png:md5,ed6a22fa2d670f24be0bc03ff6429921",
                "genome_mapping_quality_across_reference.png:md5,337fe133d009b7336dcf8f514271b2e7",
                "genome_mapping_quality_histogram.png:md5,6f39a724ab56e4ef14d3d0bc637a5fab",
                "genome_reads_content_per_read_position.png:md5,ba0b647417abd67021b1d4bae3409f86",
                "genome_uniq_read_starts_histogram.png:md5,32fa63020157ee3ce00a0e3155437ddf",
                "coverage_across_reference.txt:md5,892097b60ef7c91a03a50afbacf752f4",
                "coverage_histogram.txt:md5,a3f3a294472b51b16d87362633cf547c",
                "duplication_rate_histogram.txt:md5,8744fb54d83c5bbf5310957dbc1e8095",
                "genome_fraction_coverage.txt:md5,3ce448ed5e7357b7b69b0fb797d32e5c",
                "mapped_reads_gc-content_distribution.txt:md5,8955305be2e7a57412cfa6afd993baec",
                "mapped_reads_nucleotide_content.txt:md5,960066d7062ffadb032abe4a07c0b571",
                "mapping_quality_across_reference.txt:md5,26b99582d052927f75f826ccacf79737",
                "mapping_quality_histogram.txt:md5,e2649a9f29a8e35de9bdcdee2c7ab5ee",
                "bgfooter.png:md5,ed01bb040346e4623cc87de331ddb4e1",
                "bgtop.png:md5,626a50532dc6e5adbdd968746ef318e8",
                "comment-bright.png:md5,0c850bb4920b581bf5e5dba5fa493a64",
                "comment-close.png:md5,2635dda49c823e8122d4d11ed385f33d",
                "comment.png:md5,882e40f3d6a16c6ed35659b105251525",
                "down-pressed.png:md5,ebe8979581eda700fb234a73c661a4b9",
                "down.png:md5,f6f3c819cc7ca27d7fd3347e5e7ffe0f",
                "file.png:md5,6587e59c55e626744eb6fc11129d99a7",
                "minus.png:md5,8d572395aa95c89584a09813ada4dfa1",
                "plus.png:md5,0125e6faa04e2cf0141a2d599d3bb220",
                "qualimap_logo_small.png:md5,7526f145a97be4682fd59e27dda4f71b",
                "up-pressed.png:md5,8ea9bd109342f87fee97943b479c6f7e",
                "up.png:md5,ecc373278454cc8ecc12d6ca69e55b36",
                "genome_results.txt:md5,2dd07533db9b09442aa391aea7b9a91f",
                "genome_coverage_0to50_histogram.png:md5,294b6ad8975fd3a03eff324d32f4556a",
                "genome_coverage_across_reference.png:md5,610eb274243eb890f87167eaf183a494",
                "genome_coverage_histogram.png:md5,c74f198eb838be65016f6615c9ca76fe",
                "genome_coverage_quotes.png:md5,283c7c1318b29cd1dc85572d5226bcf2",
                "genome_gc_content_per_window.png:md5,2cc361f15f0cec1fe876a8fb9d4f48f6",
                "genome_mapping_quality_across_reference.png:md5,af48967bec418f07cf8261dedc7a9d04",
                "genome_mapping_quality_histogram.png:md5,cb3b8a196f01218d70b478164707997e",
                "genome_reads_content_per_read_position.png:md5,18724c4bc9f78eb4c5444bb3793ffedb",
                "genome_uniq_read_starts_histogram.png:md5,7a7b978bf22899d81ed73bb7d834d24e",
                "coverage_across_reference.txt:md5,f0f9e72ae9c10009dd27e9989e26549b",
                "coverage_histogram.txt:md5,f35336870260edf925327cd2bf66d1d7",
                "duplication_rate_histogram.txt:md5,a00ce2a8f84723648a5a1d071ed937a0",
                "genome_fraction_coverage.txt:md5,bd928a9336c5a39aaf4a25351a0683db",
                "mapped_reads_gc-content_distribution.txt:md5,053db090c2a512e7e123a04426425e14",
                "mapped_reads_nucleotide_content.txt:md5,df84816cd2e515d29aa40b33ce365099",
                "mapping_quality_across_reference.txt:md5,b1cc592f08846d6eed039b480cbb5f67",
                "mapping_quality_histogram.txt:md5,a3367cecea2911a505df162fdc14b181"
            ]
        ],
        "meta": {
            "nf-test": "0.9.0",
            "nextflow": "24.04.4"
        },
        "timestamp": "2024-09-22T14:47:37.939920553"
    }
}