{
    "Params: bwameth | skip_trimming": {
        "content": [
            47,
            {
                "BWAMETH_ALIGN": {
                    "bwameth": "0.2.7"
                },
                "BWAMETH_INDEX": {
                    "bwameth": "0.2.7"
                },
                "FASTQC": {
                    "fastqc": "0.12.1"
                },
                "GUNZIP": {
                    "gunzip": 1.1
                },
                "QUALIMAP_BAMQC": {
                    "qualimap": 2.3
                },
                "Workflow": {
                    "nf-core/methylseq": "v2.8.0dev"
                }
            },
            [
                "bwameth",
                "bwameth/alignments",
                "bwameth/alignments/samtools_stats",
                "bwameth/alignments/samtools_stats/Ecoli_10K_methylated.flagstat",
                "bwameth/alignments/samtools_stats/Ecoli_10K_methylated.stats",
                "bwameth/alignments/samtools_stats/SRR389222_sub1.flagstat",
                "bwameth/alignments/samtools_stats/SRR389222_sub1.stats",
                "bwameth/alignments/samtools_stats/SRR389222_sub2.flagstat",
                "bwameth/alignments/samtools_stats/SRR389222_sub2.stats",
                "bwameth/alignments/samtools_stats/SRR389222_sub3.flagstat",
                "bwameth/alignments/samtools_stats/SRR389222_sub3.stats",
                "bwameth/deduplicated",
                "bwameth/deduplicated/Ecoli_10K_methylated.markdup.sorted.bam",
                "bwameth/deduplicated/Ecoli_10K_methylated.markdup.sorted.bam.bai",
                "bwameth/deduplicated/SRR389222_sub1.markdup.sorted.bam",
                "bwameth/deduplicated/SRR389222_sub1.markdup.sorted.bam.bai",
                "bwameth/deduplicated/SRR389222_sub2.markdup.sorted.bam",
                "bwameth/deduplicated/SRR389222_sub2.markdup.sorted.bam.bai",
                "bwameth/deduplicated/SRR389222_sub3.markdup.sorted.bam",
                "bwameth/deduplicated/SRR389222_sub3.markdup.sorted.bam.bai",
                "bwameth/deduplicated/picard_metrics",
                "bwameth/deduplicated/picard_metrics/Ecoli_10K_methylated.markdup.sorted.MarkDuplicates.metrics.txt",
                "bwameth/deduplicated/picard_metrics/SRR389222_sub1.markdup.sorted.MarkDuplicates.metrics.txt",
                "bwameth/deduplicated/picard_metrics/SRR389222_sub2.markdup.sorted.MarkDuplicates.metrics.txt",
                "bwameth/deduplicated/picard_metrics/SRR389222_sub3.markdup.sorted.MarkDuplicates.metrics.txt",
                "fastqc",
                "fastqc/Ecoli_10K_methylated_1_fastqc.html",
                "fastqc/Ecoli_10K_methylated_2_fastqc.html",
                "fastqc/SRR389222_sub1_fastqc.html",
                "fastqc/SRR389222_sub2_fastqc.html",
                "fastqc/SRR389222_sub3_fastqc.html",
                "fastqc/zips",
                "fastqc/zips/Ecoli_10K_methylated_1_fastqc.zip",
                "fastqc/zips/Ecoli_10K_methylated_2_fastqc.zip",
                "fastqc/zips/SRR389222_sub1_fastqc.zip",
                "fastqc/zips/SRR389222_sub2_fastqc.zip",
                "fastqc/zips/SRR389222_sub3_fastqc.zip",
                "gunzip",
                "gunzip/genome.fa",
                "methyldackel",
                "methyldackel/Ecoli_10K_methylated.markdup.sorted_CpG.bedGraph",
                "methyldackel/SRR389222_sub1.markdup.sorted_CpG.bedGraph",
                "methyldackel/SRR389222_sub2.markdup.sorted_CpG.bedGraph",
                "methyldackel/SRR389222_sub3.markdup.sorted_CpG.bedGraph",
                "methyldackel/mbias",
                "methyldackel/mbias/Ecoli_10K_methylated.mbias.txt",
                "methyldackel/mbias/SRR389222_sub1.mbias.txt",
                "methyldackel/mbias/SRR389222_sub2.mbias.txt",
                "methyldackel/mbias/SRR389222_sub3.mbias.txt",
                "multiqc",
                "multiqc/bwameth",
                "multiqc/bwameth/multiqc_data",
                "multiqc/bwameth/multiqc_data/fastqc-status-check-heatmap.txt",
                "multiqc/bwameth/multiqc_data/fastqc_adapter_content_plot.txt",
                "multiqc/bwameth/multiqc_data/fastqc_overrepresented_sequences_plot.txt",
                "multiqc/bwameth/multiqc_data/fastqc_per_base_n_content_plot.txt",
                "multiqc/bwameth/multiqc_data/fastqc_per_base_sequence_quality_plot.txt",
                "multiqc/bwameth/multiqc_data/fastqc_per_sequence_gc_content_plot_Counts.txt",
                "multiqc/bwameth/multiqc_data/fastqc_per_sequence_gc_content_plot_Percentages.txt",
                "multiqc/bwameth/multiqc_data/fastqc_per_sequence_quality_scores_plot.txt",
                "multiqc/bwameth/multiqc_data/fastqc_sequence_counts_plot.txt",
                "multiqc/bwameth/multiqc_data/fastqc_sequence_duplication_levels_plot.txt",
                "multiqc/bwameth/multiqc_data/fastqc_top_overrepresented_sequences_table.txt",
                "multiqc/bwameth/multiqc_data/multiqc.log",
                "multiqc/bwameth/multiqc_data/multiqc_citations.txt",
                "multiqc/bwameth/multiqc_data/multiqc_data.json",
                "multiqc/bwameth/multiqc_data/multiqc_fastqc.txt",
                "multiqc/bwameth/multiqc_data/multiqc_general_stats.txt",
                "multiqc/bwameth/multiqc_data/multiqc_picard_dups.txt",
                "multiqc/bwameth/multiqc_data/multiqc_qualimap_bamqc_genome_results.txt",
                "multiqc/bwameth/multiqc_data/multiqc_samtools_flagstat.txt",
                "multiqc/bwameth/multiqc_data/multiqc_samtools_stats.txt",
                "multiqc/bwameth/multiqc_data/multiqc_software_versions.txt",
                "multiqc/bwameth/multiqc_data/multiqc_sources.txt",
                "multiqc/bwameth/multiqc_data/picard_deduplication.txt",
                "multiqc/bwameth/multiqc_data/picard_histogram.txt",
                "multiqc/bwameth/multiqc_data/picard_histogram_1.txt",
                "multiqc/bwameth/multiqc_data/picard_histogram_2.txt",
                "multiqc/bwameth/multiqc_data/qualimap_coverage_histogram.txt",
                "multiqc/bwameth/multiqc_data/qualimap_gc_content.txt",
                "multiqc/bwameth/multiqc_data/qualimap_genome_fraction.txt",
                "multiqc/bwameth/multiqc_data/qualimap_insert_size.txt",
                "multiqc/bwameth/multiqc_data/samtools-flagstat-dp_Percentage_of_total.txt",
                "multiqc/bwameth/multiqc_data/samtools-flagstat-dp_Read_counts.txt",
                "multiqc/bwameth/multiqc_data/samtools-stats-dp.txt",
                "multiqc/bwameth/multiqc_data/samtools_alignment_plot.txt",
                "multiqc/bwameth/multiqc_plots",
                "multiqc/bwameth/multiqc_plots/pdf",
                "multiqc/bwameth/multiqc_plots/pdf/fastqc-status-check-heatmap.pdf",
                "multiqc/bwameth/multiqc_plots/pdf/fastqc_adapter_content_plot.pdf",
                "multiqc/bwameth/multiqc_plots/pdf/fastqc_overrepresented_sequences_plot.pdf",
                "multiqc/bwameth/multiqc_plots/pdf/fastqc_per_base_n_content_plot.pdf",
                "multiqc/bwameth/multiqc_plots/pdf/fastqc_per_base_sequence_quality_plot.pdf",
                "multiqc/bwameth/multiqc_plots/pdf/fastqc_per_sequence_gc_content_plot_Counts.pdf",
                "multiqc/bwameth/multiqc_plots/pdf/fastqc_per_sequence_gc_content_plot_Percentages.pdf",
                "multiqc/bwameth/multiqc_plots/pdf/fastqc_per_sequence_quality_scores_plot.pdf",
                "multiqc/bwameth/multiqc_plots/pdf/fastqc_sequence_counts_plot-cnt.pdf",
                "multiqc/bwameth/multiqc_plots/pdf/fastqc_sequence_counts_plot-pct.pdf",
                "multiqc/bwameth/multiqc_plots/pdf/fastqc_sequence_duplication_levels_plot.pdf",
                "multiqc/bwameth/multiqc_plots/pdf/fastqc_top_overrepresented_sequences_table.pdf",
                "multiqc/bwameth/multiqc_plots/pdf/general_stats_table.pdf",
                "multiqc/bwameth/multiqc_plots/pdf/picard_deduplication-cnt.pdf",
                "multiqc/bwameth/multiqc_plots/pdf/picard_deduplication-pct.pdf",
                "multiqc/bwameth/multiqc_plots/pdf/qualimap_coverage_histogram.pdf",
                "multiqc/bwameth/multiqc_plots/pdf/qualimap_gc_content.pdf",
                "multiqc/bwameth/multiqc_plots/pdf/qualimap_genome_fraction.pdf",
                "multiqc/bwameth/multiqc_plots/pdf/qualimap_insert_size.pdf",
                "multiqc/bwameth/multiqc_plots/pdf/samtools-flagstat-dp_Percentage_of_total.pdf",
                "multiqc/bwameth/multiqc_plots/pdf/samtools-flagstat-dp_Read_counts.pdf",
                "multiqc/bwameth/multiqc_plots/pdf/samtools-stats-dp.pdf",
                "multiqc/bwameth/multiqc_plots/pdf/samtools_alignment_plot-cnt.pdf",
                "multiqc/bwameth/multiqc_plots/pdf/samtools_alignment_plot-pct.pdf",
                "multiqc/bwameth/multiqc_plots/png",
                "multiqc/bwameth/multiqc_plots/png/fastqc-status-check-heatmap.png",
                "multiqc/bwameth/multiqc_plots/png/fastqc_adapter_content_plot.png",
                "multiqc/bwameth/multiqc_plots/png/fastqc_overrepresented_sequences_plot.png",
                "multiqc/bwameth/multiqc_plots/png/fastqc_per_base_n_content_plot.png",
                "multiqc/bwameth/multiqc_plots/png/fastqc_per_base_sequence_quality_plot.png",
                "multiqc/bwameth/multiqc_plots/png/fastqc_per_sequence_gc_content_plot_Counts.png",
                "multiqc/bwameth/multiqc_plots/png/fastqc_per_sequence_gc_content_plot_Percentages.png",
                "multiqc/bwameth/multiqc_plots/png/fastqc_per_sequence_quality_scores_plot.png",
                "multiqc/bwameth/multiqc_plots/png/fastqc_sequence_counts_plot-cnt.png",
                "multiqc/bwameth/multiqc_plots/png/fastqc_sequence_counts_plot-pct.png",
                "multiqc/bwameth/multiqc_plots/png/fastqc_sequence_duplication_levels_plot.png",
                "multiqc/bwameth/multiqc_plots/png/fastqc_top_overrepresented_sequences_table.png",
                "multiqc/bwameth/multiqc_plots/png/general_stats_table.png",
                "multiqc/bwameth/multiqc_plots/png/picard_deduplication-cnt.png",
                "multiqc/bwameth/multiqc_plots/png/picard_deduplication-pct.png",
                "multiqc/bwameth/multiqc_plots/png/qualimap_coverage_histogram.png",
                "multiqc/bwameth/multiqc_plots/png/qualimap_gc_content.png",
                "multiqc/bwameth/multiqc_plots/png/qualimap_genome_fraction.png",
                "multiqc/bwameth/multiqc_plots/png/qualimap_insert_size.png",
                "multiqc/bwameth/multiqc_plots/png/samtools-flagstat-dp_Percentage_of_total.png",
                "multiqc/bwameth/multiqc_plots/png/samtools-flagstat-dp_Read_counts.png",
                "multiqc/bwameth/multiqc_plots/png/samtools-stats-dp.png",
                "multiqc/bwameth/multiqc_plots/png/samtools_alignment_plot-cnt.png",
                "multiqc/bwameth/multiqc_plots/png/samtools_alignment_plot-pct.png",
                "multiqc/bwameth/multiqc_plots/svg",
                "multiqc/bwameth/multiqc_plots/svg/fastqc-status-check-heatmap.svg",
                "multiqc/bwameth/multiqc_plots/svg/fastqc_adapter_content_plot.svg",
                "multiqc/bwameth/multiqc_plots/svg/fastqc_overrepresented_sequences_plot.svg",
                "multiqc/bwameth/multiqc_plots/svg/fastqc_per_base_n_content_plot.svg",
                "multiqc/bwameth/multiqc_plots/svg/fastqc_per_base_sequence_quality_plot.svg",
                "multiqc/bwameth/multiqc_plots/svg/fastqc_per_sequence_gc_content_plot_Counts.svg",
                "multiqc/bwameth/multiqc_plots/svg/fastqc_per_sequence_gc_content_plot_Percentages.svg",
                "multiqc/bwameth/multiqc_plots/svg/fastqc_per_sequence_quality_scores_plot.svg",
                "multiqc/bwameth/multiqc_plots/svg/fastqc_sequence_counts_plot-cnt.svg",
                "multiqc/bwameth/multiqc_plots/svg/fastqc_sequence_counts_plot-pct.svg",
                "multiqc/bwameth/multiqc_plots/svg/fastqc_sequence_duplication_levels_plot.svg",
                "multiqc/bwameth/multiqc_plots/svg/fastqc_top_overrepresented_sequences_table.svg",
                "multiqc/bwameth/multiqc_plots/svg/general_stats_table.svg",
                "multiqc/bwameth/multiqc_plots/svg/picard_deduplication-cnt.svg",
                "multiqc/bwameth/multiqc_plots/svg/picard_deduplication-pct.svg",
                "multiqc/bwameth/multiqc_plots/svg/qualimap_coverage_histogram.svg",
                "multiqc/bwameth/multiqc_plots/svg/qualimap_gc_content.svg",
                "multiqc/bwameth/multiqc_plots/svg/qualimap_genome_fraction.svg",
                "multiqc/bwameth/multiqc_plots/svg/qualimap_insert_size.svg",
                "multiqc/bwameth/multiqc_plots/svg/samtools-flagstat-dp_Percentage_of_total.svg",
                "multiqc/bwameth/multiqc_plots/svg/samtools-flagstat-dp_Read_counts.svg",
                "multiqc/bwameth/multiqc_plots/svg/samtools-stats-dp.svg",
                "multiqc/bwameth/multiqc_plots/svg/samtools_alignment_plot-cnt.svg",
                "multiqc/bwameth/multiqc_plots/svg/samtools_alignment_plot-pct.svg",
                "multiqc/bwameth/multiqc_report.html",
                "pipeline_info",
                "pipeline_info/nf_core_pipeline_software_mqc_versions.yml",
                "qualimap",
                "qualimap/Ecoli_10K_methylated",
                "qualimap/Ecoli_10K_methylated/css",
                "qualimap/Ecoli_10K_methylated/css/agogo.css",
                "qualimap/Ecoli_10K_methylated/css/ajax-loader.gif",
                "qualimap/Ecoli_10K_methylated/css/basic.css",
                "qualimap/Ecoli_10K_methylated/css/bgfooter.png",
                "qualimap/Ecoli_10K_methylated/css/bgtop.png",
                "qualimap/Ecoli_10K_methylated/css/comment-bright.png",
                "qualimap/Ecoli_10K_methylated/css/comment-close.png",
                "qualimap/Ecoli_10K_methylated/css/comment.png",
                "qualimap/Ecoli_10K_methylated/css/doctools.js",
                "qualimap/Ecoli_10K_methylated/css/down-pressed.png",
                "qualimap/Ecoli_10K_methylated/css/down.png",
                "qualimap/Ecoli_10K_methylated/css/file.png",
                "qualimap/Ecoli_10K_methylated/css/jquery.js",
                "qualimap/Ecoli_10K_methylated/css/minus.png",
                "qualimap/Ecoli_10K_methylated/css/plus.png",
                "qualimap/Ecoli_10K_methylated/css/pygments.css",
                "qualimap/Ecoli_10K_methylated/css/qualimap_logo_small.png",
                "qualimap/Ecoli_10K_methylated/css/report.css",
                "qualimap/Ecoli_10K_methylated/css/searchtools.js",
                "qualimap/Ecoli_10K_methylated/css/underscore.js",
                "qualimap/Ecoli_10K_methylated/css/up-pressed.png",
                "qualimap/Ecoli_10K_methylated/css/up.png",
                "qualimap/Ecoli_10K_methylated/css/websupport.js",
                "qualimap/Ecoli_10K_methylated/genome_results.txt",
                "qualimap/Ecoli_10K_methylated/images_qualimapReport",
                "qualimap/Ecoli_10K_methylated/images_qualimapReport/genome_coverage_0to50_histogram.png",
                "qualimap/Ecoli_10K_methylated/images_qualimapReport/genome_coverage_across_reference.png",
                "qualimap/Ecoli_10K_methylated/images_qualimapReport/genome_coverage_histogram.png",
                "qualimap/Ecoli_10K_methylated/images_qualimapReport/genome_coverage_quotes.png",
                "qualimap/Ecoli_10K_methylated/images_qualimapReport/genome_gc_content_per_window.png",
                "qualimap/Ecoli_10K_methylated/images_qualimapReport/genome_homopolymer_indels.png",
                "qualimap/Ecoli_10K_methylated/images_qualimapReport/genome_insert_size_across_reference.png",
                "qualimap/Ecoli_10K_methylated/images_qualimapReport/genome_insert_size_histogram.png",
                "qualimap/Ecoli_10K_methylated/images_qualimapReport/genome_mapping_quality_across_reference.png",
                "qualimap/Ecoli_10K_methylated/images_qualimapReport/genome_mapping_quality_histogram.png",
                "qualimap/Ecoli_10K_methylated/images_qualimapReport/genome_reads_clipping_profile.png",
                "qualimap/Ecoli_10K_methylated/images_qualimapReport/genome_reads_content_per_read_position.png",
                "qualimap/Ecoli_10K_methylated/images_qualimapReport/genome_uniq_read_starts_histogram.png",
                "qualimap/Ecoli_10K_methylated/qualimapReport.html",
                "qualimap/Ecoli_10K_methylated/raw_data_qualimapReport",
                "qualimap/Ecoli_10K_methylated/raw_data_qualimapReport/coverage_across_reference.txt",
                "qualimap/Ecoli_10K_methylated/raw_data_qualimapReport/coverage_histogram.txt",
                "qualimap/Ecoli_10K_methylated/raw_data_qualimapReport/duplication_rate_histogram.txt",
                "qualimap/Ecoli_10K_methylated/raw_data_qualimapReport/genome_fraction_coverage.txt",
                "qualimap/Ecoli_10K_methylated/raw_data_qualimapReport/homopolymer_indels.txt",
                "qualimap/Ecoli_10K_methylated/raw_data_qualimapReport/insert_size_across_reference.txt",
                "qualimap/Ecoli_10K_methylated/raw_data_qualimapReport/insert_size_histogram.txt",
                "qualimap/Ecoli_10K_methylated/raw_data_qualimapReport/mapped_reads_clipping_profile.txt",
                "qualimap/Ecoli_10K_methylated/raw_data_qualimapReport/mapped_reads_gc-content_distribution.txt",
                "qualimap/Ecoli_10K_methylated/raw_data_qualimapReport/mapped_reads_nucleotide_content.txt",
                "qualimap/Ecoli_10K_methylated/raw_data_qualimapReport/mapping_quality_across_reference.txt",
                "qualimap/Ecoli_10K_methylated/raw_data_qualimapReport/mapping_quality_histogram.txt",
                "qualimap/SRR389222_sub1",
                "qualimap/SRR389222_sub1/css",
                "qualimap/SRR389222_sub1/css/agogo.css",
                "qualimap/SRR389222_sub1/css/ajax-loader.gif",
                "qualimap/SRR389222_sub1/css/basic.css",
                "qualimap/SRR389222_sub1/css/bgfooter.png",
                "qualimap/SRR389222_sub1/css/bgtop.png",
                "qualimap/SRR389222_sub1/css/comment-bright.png",
                "qualimap/SRR389222_sub1/css/comment-close.png",
                "qualimap/SRR389222_sub1/css/comment.png",
                "qualimap/SRR389222_sub1/css/doctools.js",
                "qualimap/SRR389222_sub1/css/down-pressed.png",
                "qualimap/SRR389222_sub1/css/down.png",
                "qualimap/SRR389222_sub1/css/file.png",
                "qualimap/SRR389222_sub1/css/jquery.js",
                "qualimap/SRR389222_sub1/css/minus.png",
                "qualimap/SRR389222_sub1/css/plus.png",
                "qualimap/SRR389222_sub1/css/pygments.css",
                "qualimap/SRR389222_sub1/css/qualimap_logo_small.png",
                "qualimap/SRR389222_sub1/css/report.css",
                "qualimap/SRR389222_sub1/css/searchtools.js",
                "qualimap/SRR389222_sub1/css/underscore.js",
                "qualimap/SRR389222_sub1/css/up-pressed.png",
                "qualimap/SRR389222_sub1/css/up.png",
                "qualimap/SRR389222_sub1/css/websupport.js",
                "qualimap/SRR389222_sub1/genome_results.txt",
                "qualimap/SRR389222_sub1/qualimapReport.html",
                "qualimap/SRR389222_sub1/raw_data_qualimapReport",
                "qualimap/SRR389222_sub2",
                "qualimap/SRR389222_sub2/css",
                "qualimap/SRR389222_sub2/css/agogo.css",
                "qualimap/SRR389222_sub2/css/ajax-loader.gif",
                "qualimap/SRR389222_sub2/css/basic.css",
                "qualimap/SRR389222_sub2/css/bgfooter.png",
                "qualimap/SRR389222_sub2/css/bgtop.png",
                "qualimap/SRR389222_sub2/css/comment-bright.png",
                "qualimap/SRR389222_sub2/css/comment-close.png",
                "qualimap/SRR389222_sub2/css/comment.png",
                "qualimap/SRR389222_sub2/css/doctools.js",
                "qualimap/SRR389222_sub2/css/down-pressed.png",
                "qualimap/SRR389222_sub2/css/down.png",
                "qualimap/SRR389222_sub2/css/file.png",
                "qualimap/SRR389222_sub2/css/jquery.js",
                "qualimap/SRR389222_sub2/css/minus.png",
                "qualimap/SRR389222_sub2/css/plus.png",
                "qualimap/SRR389222_sub2/css/pygments.css",
                "qualimap/SRR389222_sub2/css/qualimap_logo_small.png",
                "qualimap/SRR389222_sub2/css/report.css",
                "qualimap/SRR389222_sub2/css/searchtools.js",
                "qualimap/SRR389222_sub2/css/underscore.js",
                "qualimap/SRR389222_sub2/css/up-pressed.png",
                "qualimap/SRR389222_sub2/css/up.png",
                "qualimap/SRR389222_sub2/css/websupport.js",
                "qualimap/SRR389222_sub2/genome_results.txt",
                "qualimap/SRR389222_sub2/qualimapReport.html",
                "qualimap/SRR389222_sub2/raw_data_qualimapReport",
                "qualimap/SRR389222_sub3",
                "qualimap/SRR389222_sub3/css",
                "qualimap/SRR389222_sub3/css/agogo.css",
                "qualimap/SRR389222_sub3/css/ajax-loader.gif",
                "qualimap/SRR389222_sub3/css/basic.css",
                "qualimap/SRR389222_sub3/css/bgfooter.png",
                "qualimap/SRR389222_sub3/css/bgtop.png",
                "qualimap/SRR389222_sub3/css/comment-bright.png",
                "qualimap/SRR389222_sub3/css/comment-close.png",
                "qualimap/SRR389222_sub3/css/comment.png",
                "qualimap/SRR389222_sub3/css/doctools.js",
                "qualimap/SRR389222_sub3/css/down-pressed.png",
                "qualimap/SRR389222_sub3/css/down.png",
                "qualimap/SRR389222_sub3/css/file.png",
                "qualimap/SRR389222_sub3/css/jquery.js",
                "qualimap/SRR389222_sub3/css/minus.png",
                "qualimap/SRR389222_sub3/css/plus.png",
                "qualimap/SRR389222_sub3/css/pygments.css",
                "qualimap/SRR389222_sub3/css/qualimap_logo_small.png",
                "qualimap/SRR389222_sub3/css/report.css",
                "qualimap/SRR389222_sub3/css/searchtools.js",
                "qualimap/SRR389222_sub3/css/underscore.js",
                "qualimap/SRR389222_sub3/css/up-pressed.png",
                "qualimap/SRR389222_sub3/css/up.png",
                "qualimap/SRR389222_sub3/css/websupport.js",
                "qualimap/SRR389222_sub3/genome_results.txt",
                "qualimap/SRR389222_sub3/qualimapReport.html",
                "qualimap/SRR389222_sub3/raw_data_qualimapReport"
            ],
            [
                "Ecoli_10K_methylated.flagstat:md5,7c3bae0f9c700dde88785a7e94c6ae2c",
                "Ecoli_10K_methylated.stats:md5,1eb750b964d4da8e9bb23ea28514873b",
                "SRR389222_sub1.flagstat:md5,897d500a710a56a7098172167fa71108",
                "SRR389222_sub1.stats:md5,6625430e604b48c41c3868e684083065",
                "SRR389222_sub2.flagstat:md5,37d33d68b31d4550620dc17582a3a750",
                "SRR389222_sub2.stats:md5,ce9216e71c0eb24371fb388429c59894",
                "SRR389222_sub3.flagstat:md5,e3e925a7b7356e93d14f5e9e102c55b7",
                "SRR389222_sub3.stats:md5,4f5336d853dfada24d9c34a754a7f0a8",
                "genome.fa:md5,923a0a268ad29fee3c3437d00f9970de",
                "Ecoli_10K_methylated.markdup.sorted_CpG.bedGraph:md5,b43c4c8ff346ae865b2b5db996650942",
                "SRR389222_sub1.markdup.sorted_CpG.bedGraph:md5,0944ad0e3b05791bf6dfd06be7ca4af1",
                "SRR389222_sub2.markdup.sorted_CpG.bedGraph:md5,0a3c19af55d1625e91903ae25d1d2098",
                "SRR389222_sub3.markdup.sorted_CpG.bedGraph:md5,a91e6b039e9581a9d2ef6f6057918b39",
                "Ecoli_10K_methylated.mbias.txt:md5,ec13da6deba1ce147624bce065ec5df6",
                "SRR389222_sub1.mbias.txt:md5,fce04d733e066d0b933cedc602e2af81",
                "SRR389222_sub2.mbias.txt:md5,fce04d733e066d0b933cedc602e2af81",
                "SRR389222_sub3.mbias.txt:md5,fce04d733e066d0b933cedc602e2af81",
                "fastqc-status-check-heatmap.txt:md5,218c2a7efbb9c02f652fa78fc739c866",
                "fastqc_adapter_content_plot.txt:md5,48d8bd5ece984a74972ce0a0e814dd07",
                "fastqc_overrepresented_sequences_plot.txt:md5,9c4b7064950b5b2c486d556984f21e9e",
                "fastqc_per_base_n_content_plot.txt:md5,019d5cd4f61a31f4e7016140ca8ee36e",
                "fastqc_per_base_sequence_quality_plot.txt:md5,e4c7d522114eab9bc9101e7ee9d83c8f",
                "fastqc_per_sequence_gc_content_plot_Counts.txt:md5,302659bee8a02b6a38b24fe25f8eaa87",
                "fastqc_per_sequence_gc_content_plot_Percentages.txt:md5,c75b396eb5dda8682fb1652a9b2e92a3",
                "fastqc_per_sequence_quality_scores_plot.txt:md5,548c593f4a8be2d8627fc3bd1c280611",
                "fastqc_sequence_counts_plot.txt:md5,58eeeb06bc9dcc1764c7daf0847d6bbf",
                "fastqc_sequence_duplication_levels_plot.txt:md5,9e5712db9aa39b5754ea1e0c49cfff15",
                "fastqc_top_overrepresented_sequences_table.txt:md5,6dfc5334a09c05392ea17369aa742d01",
                "multiqc_citations.txt:md5,16ea55093380e6f08131cd394d8975c6",
                "multiqc_picard_dups.txt:md5,2dd92451825bab5f1d74bd96933756e6",
                "multiqc_samtools_flagstat.txt:md5,707a91291107beffe14f9cc2d540f4a0",
                "multiqc_samtools_stats.txt:md5,76db021090766f669ea1276dab863cfe",
                "picard_deduplication.txt:md5,b86a20261610bdf7a2e63ff43e232c75",
                "picard_histogram.txt:md5,d41d8cd98f00b204e9800998ecf8427e",
                "picard_histogram_1.txt:md5,d41d8cd98f00b204e9800998ecf8427e",
                "picard_histogram_2.txt:md5,d41d8cd98f00b204e9800998ecf8427e",
                "qualimap_coverage_histogram.txt:md5,043d169c9214b593dd675ebd0c428620",
                "qualimap_gc_content.txt:md5,5492ffd70fa082a4abd51663c3faa300",
                "qualimap_genome_fraction.txt:md5,a562614e4281f4f164a6386fd988884b",
                "qualimap_insert_size.txt:md5,d5df01e2c0ab54095c921e0a2baa8754",
                "samtools-flagstat-dp_Percentage_of_total.txt:md5,a7305ce09c632ddb903a0fe89306f98f",
                "samtools-flagstat-dp_Read_counts.txt:md5,2d5434b646dac99397d86bd31731df01",
                "samtools-stats-dp.txt:md5,e1290c4b0ad11142147f69f4256c4524",
                "samtools_alignment_plot.txt:md5,fe4c9af19d69c3982b75ad458a1a9148",
                "genome_results.txt:md5,2a1a374d5b1e3884c57d2d5333db54a6",
                "genome_results.txt:md5,c4a9a1a76ba36cf770bf8be9a7fe5b55",
                "genome_results.txt:md5,ac65d95bd5c7fd40b90d53d233c7b511",
                "genome_results.txt:md5,b7376228bb23c9133fed45b95c60d082"
            ],
            [
                [
                    "Ecoli_10K_methylated.markdup.sorted.bam",
                    "5b485bcabdb1ad5955cfa061741fad31"
                ],
                [
                    "SRR389222_sub1.markdup.sorted.bam",
                    "37ec1c6338cc3fee7ab1cb2d48dba38"
                ],
                [
                    "SRR389222_sub2.markdup.sorted.bam",
                    "783d3be6b5bfa58142c3dbe864f6d8c5"
                ],
                [
                    "SRR389222_sub3.markdup.sorted.bam",
                    "4bbaef9917f4ff0248d1f5853f583fd0"
                ]
            ]
        ],
        "meta": {
            "nf-test": "0.9.2",
            "nextflow": "24.10.1"
        },
        "timestamp": "2024-11-26T05:52:01.995851054"
    }
}