{
    "single_end_software_versions": {
        "content": [
            {
                "BWAMETH_ALIGN": {
                    "bwameth": "0.2.7"
                },
                "BWAMETH_INDEX": {
                    "bwameth": "0.2.7"
                },
                "FASTQC": {
                    "fastqc": "0.12.1"
                },
                "QUALIMAP_BAMQC": {
                    "qualimap": 2.3
                },
                "TRIMGALORE": {
                    "trimgalore": "0.6.7",
                    "cutadapt": 3.4
                },
                "Workflow": {
                    "nf-core/methylseq": "v2.7.0dev"
                }
            }
        ],
        "meta": {
            "nf-test": "0.9.0",
            "nextflow": "24.04.4"
        },
        "timestamp": "2024-09-19T15:57:11.613989545"
    },
    "single_end_rrbs_software_versions": {
        "content": [
            {
                "BWAMETH_ALIGN": {
                    "bwameth": "0.2.7"
                },
                "BWAMETH_INDEX": {
                    "bwameth": "0.2.7"
                },
                "FASTQC": {
                    "fastqc": "0.12.1"
                },
                "QUALIMAP_BAMQC": {
                    "qualimap": 2.3
                },
                "Workflow": {
                    "nf-core/methylseq": "v2.7.0dev"
                }
            }
        ],
        "meta": {
            "nf-test": "0.9.0",
            "nextflow": "24.04.4"
        },
        "timestamp": "2024-09-19T15:59:48.086705086"
    },
    "single_end": {
        "content": [
            "Ecoli.flagstat:md5,f520e87cc4050799a0dbed72909572ec",
            "Ecoli.stats:md5,c1d93f418a498e9d88e13c5f2a7d7ed6",
            "SRR389222_sub1.flagstat:md5,ad8159a7683b9c3057bf54ccb77a2ddc",
            "SRR389222_sub1.stats:md5,0f660ccc767662d4bd8c5197f3d46a87",
            "SRR389222_sub2.flagstat:md5,e768b4f54014d62b096152c44f920bc1",
            "SRR389222_sub2.stats:md5,9343b74f4d825bfb2a554be3d8bed432",
            "SRR389222_sub3.flagstat:md5,39516f7d2c77e6fef9543edf8cddbcd6",
            "SRR389222_sub3.stats:md5,f41e135f71893e2a8b589c4a66cbfeec",
            "Ecoli.markdup.sorted.bam:md5,8c47ba72c47818e07eff9d876e9451b3",
            "Ecoli.markdup.sorted.bam.bai:md5,86bf037e1cca4ac3935edd50548f35bb",
            "SRR389222_sub1.markdup.sorted.bam:md5,f6a777120edeaadc496d78cbcff05c59",
            "SRR389222_sub1.markdup.sorted.bam.bai:md5,c95cb45c3f0a9a82bf78a7914b38ebaf",
            "SRR389222_sub2.markdup.sorted.bam:md5,da28d3f4bca3382af5aab41b4078ca39",
            "SRR389222_sub2.markdup.sorted.bam.bai:md5,fbe5ef44841a8b6028bdb7c14ae67e59",
            "SRR389222_sub3.markdup.sorted.bam:md5,00ef46fc1fff515a3a2cfc3af4b2d918",
            "SRR389222_sub3.markdup.sorted.bam.bai:md5,d7d62a85aac95328011ba48c37f3cf1c",
            [
                [
                    "genome.fa:md5,923a0a268ad29fee3c3437d00f9970de",
                    "genome.fa.bwameth.c2t:md5,e51d48ed28fa0c26e2f9c9f13d09403b",
                    "genome.fa.bwameth.c2t.amb:md5,010a242c6764efb30141868a45d698b3",
                    "genome.fa.bwameth.c2t.ann:md5,09b4db3d87a2d4dac9e10e807f377110",
                    "genome.fa.bwameth.c2t.bwt:md5,4646f8ae6bd523b7f4106bbd32eff95e",
                    "genome.fa.bwameth.c2t.pac:md5,a662d7add09698e25c8152fd2306ec66",
                    "genome.fa.bwameth.c2t.sa:md5,4a1e905b828396a1909669bc9c573d8d"
                ]
            ],
            "Ecoli.markdup.sorted_CpG.bedGraph:md5,00132adede8128b3a111136713a2a4ff",
            "SRR389222_sub1.markdup.sorted_CpG.bedGraph:md5,0944ad0e3b05791bf6dfd06be7ca4af1",
            "SRR389222_sub2.markdup.sorted_CpG.bedGraph:md5,0a3c19af55d1625e91903ae25d1d2098",
            "SRR389222_sub3.markdup.sorted_CpG.bedGraph:md5,a91e6b039e9581a9d2ef6f6057918b39",
            "Ecoli.mbias.txt:md5,3a448a2a6364b2de3129365a271c0534",
            "SRR389222_sub1.mbias.txt:md5,fce04d733e066d0b933cedc602e2af81",
            "SRR389222_sub2.mbias.txt:md5,fce04d733e066d0b933cedc602e2af81",
            "SRR389222_sub3.mbias.txt:md5,fce04d733e066d0b933cedc602e2af81",
            "genome_results.txt:md5,d1a1b49086982318f0f94ba7059f71a3",
            "genome_results.txt:md5,2c755b15ae5ad4a1d29395320a6264ca",
            "genome_results.txt:md5,2294badeccd2e8870fd6c60d115687b0",
            "genome_results.txt:md5,4da1144933d094185d02f7482c120804"
        ],
        "meta": {
            "nf-test": "0.9.0",
            "nextflow": "24.04.4"
        },
        "timestamp": "2024-09-18T16:00:34.238599452"
    },
    "single_end_rrbs": {
        "content": [
            "Ecoli.flagstat:md5,7c3bae0f9c700dde88785a7e94c6ae2c",
            "Ecoli.stats:md5,5c824a4e0667dd48355ab5bd81ca7edb",
            "SRR389222_sub1.flagstat:md5,897d500a710a56a7098172167fa71108",
            "SRR389222_sub1.stats:md5,6625430e604b48c41c3868e684083065",
            "SRR389222_sub2.flagstat:md5,37d33d68b31d4550620dc17582a3a750",
            "SRR389222_sub2.stats:md5,ce9216e71c0eb24371fb388429c59894",
            "SRR389222_sub3.flagstat:md5,e3e925a7b7356e93d14f5e9e102c55b7",
            "SRR389222_sub3.stats:md5,4f5336d853dfada24d9c34a754a7f0a8",
            [
                [
                    "genome.fa:md5,923a0a268ad29fee3c3437d00f9970de",
                    "genome.fa.bwameth.c2t:md5,e51d48ed28fa0c26e2f9c9f13d09403b",
                    "genome.fa.bwameth.c2t.amb:md5,010a242c6764efb30141868a45d698b3",
                    "genome.fa.bwameth.c2t.ann:md5,09b4db3d87a2d4dac9e10e807f377110",
                    "genome.fa.bwameth.c2t.bwt:md5,4646f8ae6bd523b7f4106bbd32eff95e",
                    "genome.fa.bwameth.c2t.pac:md5,a662d7add09698e25c8152fd2306ec66",
                    "genome.fa.bwameth.c2t.sa:md5,4a1e905b828396a1909669bc9c573d8d"
                ]
            ],
            "Ecoli.sorted_CpG.bedGraph:md5,41f4218573d5e4ff7016ffb42f13a551",
            "SRR389222_sub1.sorted_CpG.bedGraph:md5,4475a9462ce86a019015b69b82a9d5a2",
            "SRR389222_sub2.sorted_CpG.bedGraph:md5,18b8845d9d985d3c203ca6c9c40aab1b",
            "SRR389222_sub3.sorted_CpG.bedGraph:md5,70dcc3836dc9721c2de367d1cf05e815",
            "Ecoli.mbias.txt:md5,ec13da6deba1ce147624bce065ec5df6",
            "SRR389222_sub1.mbias.txt:md5,fce04d733e066d0b933cedc602e2af81",
            "SRR389222_sub2.mbias.txt:md5,fce04d733e066d0b933cedc602e2af81",
            "SRR389222_sub3.mbias.txt:md5,fce04d733e066d0b933cedc602e2af81",
            "genome_results.txt:md5,cd545aa1ee209a1683374bfb5731ab0c",
            "genome_results.txt:md5,f01c68dd46ca9ec0af3d6ec926763b75",
            "genome_results.txt:md5,ef86f3d113782dae1c9bc1660f9f0ae0",
            "genome_results.txt:md5,d7700df4fc6f5b66503ea74d02f1b01b"
        ],
        "meta": {
            "nf-test": "0.9.0",
            "nextflow": "24.04.4"
        },
        "timestamp": "2024-09-18T16:03:29.194127813"
    }
}