{
    "Params: bwameth | use_gpu": {
        "content": [
            8,
            {
                "BWAMETH_INDEX": {
                    "bwameth": "0.2.7"
                },
                "FASTQC": {
                    "fastqc": "0.12.1"
                },
                "GUNZIP": {
                    "gunzip": 1.1
                },
                "TRIMGALORE": {
                    "trimgalore": "0.6.10",
                    "cutadapt": 4.9,
                    "pigz": 2.8
                },
                "Workflow": {
                    "nf-core/methylseq": "v3.1.0dev"
                }
            },
            [
                "fastqc",
                "fastqc/SRR389222_sub1_fastqc.html",
                "fastqc/SRR389222_sub2_fastqc.html",
                "fastqc/SRR389222_sub3_fastqc.html",
                "fastqc/zips",
                "fastqc/zips/SRR389222_sub1_fastqc.zip",
                "fastqc/zips/SRR389222_sub2_fastqc.zip",
                "fastqc/zips/SRR389222_sub3_fastqc.zip",
                "pipeline_info",
                "pipeline_info/nf_core_methylseq_software_mqc_versions.yml",
                "trimgalore",
                "trimgalore/fastqc",
                "trimgalore/fastqc/SRR389222_sub1_trimmed_fastqc.html",
                "trimgalore/fastqc/SRR389222_sub2_trimmed_fastqc.html",
                "trimgalore/fastqc/SRR389222_sub3_trimmed_fastqc.html",
                "trimgalore/fastqc/zips",
                "trimgalore/fastqc/zips/SRR389222_sub1_trimmed_fastqc.zip",
                "trimgalore/fastqc/zips/SRR389222_sub2_trimmed_fastqc.zip",
                "trimgalore/fastqc/zips/SRR389222_sub3_trimmed_fastqc.zip",
                "trimgalore/logs",
                "trimgalore/logs/SRR389222_sub1.fastq.gz_trimming_report.txt",
                "trimgalore/logs/SRR389222_sub2.fastq.gz_trimming_report.txt",
                "trimgalore/logs/SRR389222_sub3.fastq.gz_trimming_report.txt"
            ],
            [
                
            ],
            [
                
            ]
        ],
        "meta": {
            "nf-test": "0.9.2",
            "nextflow": "24.10.4"
        },
        "timestamp": "2025-02-04T12:12:30.194233118"
    }
}