{
    "Bismark_Hisat: save_reference": {
        "content": [
            [
                "3a6485d719fcaf868c7f95c8f10a3f3c"
            ],
            [
                "dae445da532c973dc9149f3ceba2d2c5"
            ],
            [
                "versions.yml:md5,37c90312d5685ae87bcb080e0cab48de",
                "versions.yml:md5,66f7b51aeee12e293634cb74fea2f091",
                "versions.yml:md5,701e44c4be43ad049c16c7fc8686a21d",
                "versions.yml:md5,75082556508926250285e70e1932fa74",
                "versions.yml:md5,bff10f08bf0238c3303ef33749b7a93c",
                "versions.yml:md5,c06f3e25000330e948f7a35708270f3f",
                "versions.yml:md5,c2ad6c469b4d15c963f03b2228376a80",
                "versions.yml:md5,cb4a7015750ef1e0e504c56acb72a799"
            ]
        ],
        "meta": {
            "nf-test": "0.9.0",
            "nextflow": "24.04.4"
        },
        "timestamp": "2024-09-29T14:19:18.719515297"
    }
}